[2026-09-21T07:04:54.559+0000] {local_task_job_runner.py:123} INFO - ::group::Pre task execution logs
[2026-09-21T07:04:54.579+0000] {taskinstance.py:2614} INFO - Dependencies all met for dep_context=non-requeueable deps ti=<TaskInstance: weather_risk_pipeline.build_gold manual__2026-09-21T06:55:32+00:00 [queued]>
[2026-09-21T07:04:54.587+0000] {taskinstance.py:2614} INFO - Dependencies all met for dep_context=requeueable deps ti=<TaskInstance: weather_risk_pipeline.build_gold manual__2026-09-21T06:55:32+00:00 [queued]>
[2026-09-21T07:04:54.587+0000] {taskinstance.py:2867} INFO - Starting attempt 1 of 4
[2026-09-21T07:04:54.599+0000] {taskinstance.py:2890} INFO - Executing <Task(PythonOperator): build_gold> on 2026-09-21 06:55:32+00:00
[2026-09-21T07:04:54.604+0000] {standard_task_runner.py:72} INFO - Started process 1425 to run task
[2026-09-21T07:04:54.606+0000] {standard_task_runner.py:104} INFO - Running: ['***', 'tasks', 'run', 'weather_risk_pipeline', 'build_gold', 'manual__2026-09-21T06:55:32+00:00', '--job-id', '9', '--raw', '--subdir', 'DAGS_FOLDER/weather_pipeline_dag.py', '--cfg-path', '/tmp/tmpqmqnq1rb']
[2026-09-21T07:04:54.608+0000] {standard_task_runner.py:105} INFO - Job 9: Subtask build_gold
[2026-09-21T07:04:54.649+0000] {task_command.py:467} INFO - Running <TaskInstance: weather_risk_pipeline.build_gold manual__2026-09-21T06:55:32+00:00 [running]> on host d7ad3602866e
[2026-09-21T07:04:54.715+0000] {taskinstance.py:3134} INFO - Exporting env vars: AIRFLOW_CTX_DAG_OWNER='data-team' AIRFLOW_CTX_DAG_ID='weather_risk_pipeline' AIRFLOW_CTX_TASK_ID='build_gold' AIRFLOW_CTX_EXECUTION_DATE='2026-09-21T06:55:32+00:00' AIRFLOW_CTX_TRY_NUMBER='1' AIRFLOW_CTX_DAG_RUN_ID='manual__2026-09-21T06:55:32+00:00'
[2026-09-21T07:04:54.716+0000] {taskinstance.py:732} INFO - ::endgroup::
[2026-09-21T07:04:54.973+0000] {logging_mixin.py:190} INFO - 2026-09-21 07:04:54 | INFO     | src.transform.build_gold | Silver lu depuis weather_silver_2026-09-21.parquet
[2026-09-21T07:04:54.973+0000] {build_gold.py:43} INFO - Silver lu depuis weather_silver_2026-09-21.parquet
[2026-09-21T07:04:55.008+0000] {logging_mixin.py:190} INFO - 2026-09-21 07:04:55 | INFO     | src.transform.build_gold | GOLD | 840 lignes | risk_score moyen=12.8 | 0 lignes à risque Élevé/Critique | ville la + à risque en moyenne : Oulad Teïma
[2026-09-21T07:04:55.008+0000] {build_gold.py:176} INFO - GOLD | 840 lignes | risk_score moyen=12.8 | 0 lignes à risque Élevé/Critique | ville la + à risque en moyenne : Oulad Teïma
[2026-09-21T07:04:55.008+0000] {logging_mixin.py:190} INFO - 2026-09-21 07:04:55 | INFO     | src.transform.build_gold | GOLD | qualité des données : {'Complet': 840}
[2026-09-21T07:04:55.008+0000] {build_gold.py:180} INFO - GOLD | qualité des données : {'Complet': 840}
[2026-09-21T07:04:55.023+0000] {logging_mixin.py:190} INFO - 2026-09-21 07:04:55 | INFO     | src.transform.build_gold | Gold écrit : weather_gold_2026-09-21.parquet
[2026-09-21T07:04:55.022+0000] {build_gold.py:195} INFO - Gold écrit : weather_gold_2026-09-21.parquet
[2026-09-21T07:04:55.023+0000] {weather_pipeline_dag.py:43} INFO - Gold écrit dans /opt/***/data/gold/weather_gold_2026-09-21.parquet
[2026-09-21T07:04:55.023+0000] {python.py:240} INFO - Done. Returned value was: None
[2026-09-21T07:04:55.032+0000] {taskinstance.py:341} INFO - ::group::Post task execution logs
[2026-09-21T07:04:55.033+0000] {taskinstance.py:353} INFO - Marking task as SUCCESS. dag_id=weather_risk_pipeline, task_id=build_gold, run_id=manual__2026-09-21T06:55:32+00:00, execution_date=20260921T065532, start_date=20260921T070454, end_date=20260921T070455
[2026-09-21T07:04:55.099+0000] {local_task_job_runner.py:266} INFO - Task exited with return code 0
[2026-09-21T07:04:55.119+0000] {taskinstance.py:3901} INFO - 1 downstream tasks scheduled from follow-on schedule check
[2026-09-21T07:04:55.121+0000] {local_task_job_runner.py:245} INFO - ::endgroup::
