[2026-09-21T06:52:12.714+0000] {local_task_job_runner.py:123} INFO - ::group::Pre task execution logs
[2026-09-21T06:52:12.732+0000] {taskinstance.py:2614} INFO - Dependencies all met for dep_context=non-requeueable deps ti=<TaskInstance: weather_risk_pipeline.clean_silver scheduled__2026-09-20T06:00:00+00:00 [queued]>
[2026-09-21T06:52:12.740+0000] {taskinstance.py:2614} INFO - Dependencies all met for dep_context=requeueable deps ti=<TaskInstance: weather_risk_pipeline.clean_silver scheduled__2026-09-20T06:00:00+00:00 [queued]>
[2026-09-21T06:52:12.740+0000] {taskinstance.py:2867} INFO - Starting attempt 1 of 4
[2026-09-21T06:52:12.752+0000] {taskinstance.py:2890} INFO - Executing <Task(PythonOperator): clean_silver> on 2026-09-20 06:00:00+00:00
[2026-09-21T06:52:12.756+0000] {standard_task_runner.py:72} INFO - Started process 1176 to run task
[2026-09-21T06:52:12.759+0000] {standard_task_runner.py:104} INFO - Running: ['***', 'tasks', 'run', 'weather_risk_pipeline', 'clean_silver', 'scheduled__2026-09-20T06:00:00+00:00', '--job-id', '4', '--raw', '--subdir', 'DAGS_FOLDER/weather_pipeline_dag.py', '--cfg-path', '/tmp/tmp8ldk7hge']
[2026-09-21T06:52:12.761+0000] {standard_task_runner.py:105} INFO - Job 4: Subtask clean_silver
[2026-09-21T06:52:12.818+0000] {task_command.py:467} INFO - Running <TaskInstance: weather_risk_pipeline.clean_silver scheduled__2026-09-20T06:00:00+00:00 [running]> on host d7ad3602866e
[2026-09-21T06:52:12.945+0000] {taskinstance.py:3134} INFO - Exporting env vars: AIRFLOW_CTX_DAG_OWNER='data-team' AIRFLOW_CTX_DAG_ID='weather_risk_pipeline' AIRFLOW_CTX_TASK_ID='clean_silver' AIRFLOW_CTX_EXECUTION_DATE='2026-09-20T06:00:00+00:00' AIRFLOW_CTX_TRY_NUMBER='1' AIRFLOW_CTX_DAG_RUN_ID='scheduled__2026-09-20T06:00:00+00:00'
[2026-09-21T06:52:12.945+0000] {taskinstance.py:732} INFO - ::endgroup::
[2026-09-21T06:52:13.295+0000] {logging_mixin.py:190} INFO - 2026-09-21 06:52:13 | INFO     | src.transform.clean_silver | 120 fichiers lus -> 840 lignes brutes
[2026-09-21T06:52:13.295+0000] {clean_silver.py:56} INFO - 120 fichiers lus -> 840 lignes brutes
[2026-09-21T06:52:13.303+0000] {logging_mixin.py:190} INFO - 2026-09-21 06:52:13 | INFO     | src.transform.clean_silver | Types standardisés
[2026-09-21T06:52:13.302+0000] {clean_silver.py:86} INFO - Types standardisés
[2026-09-21T06:52:13.305+0000] {logging_mixin.py:190} INFO - 2026-09-21 06:52:13 | INFO     | src.transform.clean_silver | Aucun doublon détecté
[2026-09-21T06:52:13.305+0000] {clean_silver.py:101} INFO - Aucun doublon détecté
[2026-09-21T06:52:13.308+0000] {logging_mixin.py:190} INFO - 2026-09-21 06:52:13 | INFO     | src.extract.extract_cities | 120 villes chargées depuis ma.csv
[2026-09-21T06:52:13.308+0000] {extract_cities.py:16} INFO - 120 villes chargées depuis ma.csv
[2026-09-21T06:52:13.312+0000] {logging_mixin.py:190} INFO - 2026-09-21 06:52:13 | INFO     | src.transform.clean_silver | Jointure villes effectuée : 840 lignes
[2026-09-21T06:52:13.312+0000] {clean_silver.py:165} INFO - Jointure villes effectuée : 840 lignes
[2026-09-21T06:52:13.314+0000] {logging_mixin.py:190} INFO - 2026-09-21 06:52:13 | INFO     | src.transform.clean_silver | QUALITÉ | 840 lignes | 120 villes | période 2026-09-21 -> 2026-09-27
[2026-09-21T06:52:13.314+0000] {clean_silver.py:182} INFO - QUALITÉ | 840 lignes | 120 villes | période 2026-09-21 -> 2026-09-27
[2026-09-21T06:52:13.359+0000] {logging_mixin.py:190} INFO - 2026-09-21 06:52:13 | INFO     | src.transform.clean_silver | Silver écrit : weather_silver_2026-09-21.parquet
[2026-09-21T06:52:13.359+0000] {clean_silver.py:229} INFO - Silver écrit : weather_silver_2026-09-21.parquet
[2026-09-21T06:52:13.369+0000] {logging_mixin.py:190} INFO - 2026-09-21 06:52:13 | INFO     | src.transform.clean_silver | Silver écrit : weather_silver_2026-09-21.csv (840 lignes)
[2026-09-21T06:52:13.369+0000] {clean_silver.py:235} INFO - Silver écrit : weather_silver_2026-09-21.csv (840 lignes)
[2026-09-21T06:52:13.369+0000] {weather_pipeline_dag.py:37} INFO - Silver écrit dans /opt/***/data/silver/weather_silver_2026-09-21.parquet
[2026-09-21T06:52:13.370+0000] {python.py:240} INFO - Done. Returned value was: None
[2026-09-21T06:52:13.379+0000] {taskinstance.py:341} INFO - ::group::Post task execution logs
[2026-09-21T06:52:13.379+0000] {taskinstance.py:353} INFO - Marking task as SUCCESS. dag_id=weather_risk_pipeline, task_id=clean_silver, run_id=scheduled__2026-09-20T06:00:00+00:00, execution_date=20260920T060000, start_date=20260921T065212, end_date=20260921T065213
[2026-09-21T06:52:13.453+0000] {local_task_job_runner.py:266} INFO - Task exited with return code 0
[2026-09-21T06:52:13.500+0000] {taskinstance.py:3901} INFO - 1 downstream tasks scheduled from follow-on schedule check
[2026-09-21T06:52:13.503+0000] {local_task_job_runner.py:245} INFO - ::endgroup::
[2026-09-21T09:27:33.603+0000] {local_task_job_runner.py:123} INFO - ::group::Pre task execution logs
[2026-09-21T09:27:33.622+0000] {taskinstance.py:2614} INFO - Dependencies all met for dep_context=non-requeueable deps ti=<TaskInstance: weather_risk_pipeline.clean_silver scheduled__2026-09-20T06:00:00+00:00 [queued]>
[2026-09-21T09:27:33.635+0000] {taskinstance.py:2614} INFO - Dependencies all met for dep_context=requeueable deps ti=<TaskInstance: weather_risk_pipeline.clean_silver scheduled__2026-09-20T06:00:00+00:00 [queued]>
[2026-09-21T09:27:33.636+0000] {taskinstance.py:2867} INFO - Starting attempt 1 of 4
[2026-09-21T09:27:33.658+0000] {taskinstance.py:2890} INFO - Executing <Task(PythonOperator): clean_silver> on 2026-09-20 06:00:00+00:00
[2026-09-21T09:27:33.665+0000] {standard_task_runner.py:72} INFO - Started process 2009 to run task
[2026-09-21T09:27:33.670+0000] {standard_task_runner.py:104} INFO - Running: ['***', 'tasks', 'run', 'weather_risk_pipeline', 'clean_silver', 'scheduled__2026-09-20T06:00:00+00:00', '--job-id', '15', '--raw', '--subdir', 'DAGS_FOLDER/weather_pipeline_dag.py', '--cfg-path', '/tmp/tmp4efvmoa7']
[2026-09-21T09:27:33.673+0000] {standard_task_runner.py:105} INFO - Job 15: Subtask clean_silver
[2026-09-21T09:27:33.755+0000] {task_command.py:467} INFO - Running <TaskInstance: weather_risk_pipeline.clean_silver scheduled__2026-09-20T06:00:00+00:00 [running]> on host d7ad3602866e
[2026-09-21T09:27:33.873+0000] {taskinstance.py:3134} INFO - Exporting env vars: AIRFLOW_CTX_DAG_OWNER='data-team' AIRFLOW_CTX_DAG_ID='weather_risk_pipeline' AIRFLOW_CTX_TASK_ID='clean_silver' AIRFLOW_CTX_EXECUTION_DATE='2026-09-20T06:00:00+00:00' AIRFLOW_CTX_TRY_NUMBER='1' AIRFLOW_CTX_DAG_RUN_ID='scheduled__2026-09-20T06:00:00+00:00'
[2026-09-21T09:27:33.874+0000] {taskinstance.py:732} INFO - ::endgroup::
[2026-09-21T09:27:34.226+0000] {logging_mixin.py:190} INFO - 2026-09-21 09:27:34 | INFO     | src.transform.clean_silver | 120 fichiers lus -> 840 lignes brutes
[2026-09-21T09:27:34.226+0000] {clean_silver.py:56} INFO - 120 fichiers lus -> 840 lignes brutes
[2026-09-21T09:27:34.243+0000] {logging_mixin.py:190} INFO - 2026-09-21 09:27:34 | INFO     | src.transform.clean_silver | Types standardisés
[2026-09-21T09:27:34.243+0000] {clean_silver.py:86} INFO - Types standardisés
[2026-09-21T09:27:34.245+0000] {logging_mixin.py:190} INFO - 2026-09-21 09:27:34 | INFO     | src.transform.clean_silver | Aucun doublon détecté
[2026-09-21T09:27:34.245+0000] {clean_silver.py:101} INFO - Aucun doublon détecté
[2026-09-21T09:27:34.248+0000] {logging_mixin.py:190} INFO - 2026-09-21 09:27:34 | INFO     | src.extract.extract_cities | 120 villes chargées depuis ma.csv
[2026-09-21T09:27:34.248+0000] {extract_cities.py:16} INFO - 120 villes chargées depuis ma.csv
[2026-09-21T09:27:34.252+0000] {logging_mixin.py:190} INFO - 2026-09-21 09:27:34 | INFO     | src.transform.clean_silver | Jointure villes effectuée : 840 lignes
[2026-09-21T09:27:34.252+0000] {clean_silver.py:165} INFO - Jointure villes effectuée : 840 lignes
[2026-09-21T09:27:34.254+0000] {logging_mixin.py:190} INFO - 2026-09-21 09:27:34 | INFO     | src.transform.clean_silver | QUALITÉ | 840 lignes | 120 villes | période 2026-09-21 -> 2026-09-27
[2026-09-21T09:27:34.254+0000] {clean_silver.py:182} INFO - QUALITÉ | 840 lignes | 120 villes | période 2026-09-21 -> 2026-09-27
[2026-09-21T09:27:34.394+0000] {logging_mixin.py:190} INFO - 2026-09-21 09:27:34 | INFO     | src.transform.clean_silver | Silver écrit : weather_silver_2026-09-21.parquet
[2026-09-21T09:27:34.394+0000] {clean_silver.py:229} INFO - Silver écrit : weather_silver_2026-09-21.parquet
[2026-09-21T09:27:34.402+0000] {logging_mixin.py:190} INFO - 2026-09-21 09:27:34 | INFO     | src.transform.clean_silver | Silver écrit : weather_silver_2026-09-21.csv (840 lignes)
[2026-09-21T09:27:34.402+0000] {clean_silver.py:235} INFO - Silver écrit : weather_silver_2026-09-21.csv (840 lignes)
[2026-09-21T09:27:34.402+0000] {weather_pipeline_dag.py:37} INFO - Silver écrit dans /opt/***/data/silver/weather_silver_2026-09-21.parquet
[2026-09-21T09:27:34.403+0000] {python.py:240} INFO - Done. Returned value was: None
[2026-09-21T09:27:34.411+0000] {taskinstance.py:341} INFO - ::group::Post task execution logs
[2026-09-21T09:27:34.412+0000] {taskinstance.py:353} INFO - Marking task as SUCCESS. dag_id=weather_risk_pipeline, task_id=clean_silver, run_id=scheduled__2026-09-20T06:00:00+00:00, execution_date=20260920T060000, start_date=20260921T092733, end_date=20260921T092734
[2026-09-21T09:27:34.525+0000] {local_task_job_runner.py:266} INFO - Task exited with return code 0
[2026-09-21T09:27:34.579+0000] {taskinstance.py:3901} INFO - 1 downstream tasks scheduled from follow-on schedule check
[2026-09-21T09:27:34.582+0000] {local_task_job_runner.py:245} INFO - ::endgroup::
