[2026-09-21T10:25:01.404+0000] {local_task_job_runner.py:123} INFO - ::group::Pre task execution logs
[2026-09-21T10:25:01.417+0000] {taskinstance.py:2614} INFO - Dependencies all met for dep_context=non-requeueable deps ti=<TaskInstance: weather_risk_pipeline.build_gold manual__2026-09-21T10:06:26.998955+00:00 [queued]>
[2026-09-21T10:25:01.423+0000] {taskinstance.py:2614} INFO - Dependencies all met for dep_context=requeueable deps ti=<TaskInstance: weather_risk_pipeline.build_gold manual__2026-09-21T10:06:26.998955+00:00 [queued]>
[2026-09-21T10:25:01.423+0000] {taskinstance.py:2867} INFO - Starting attempt 1 of 4
[2026-09-21T10:25:01.432+0000] {taskinstance.py:2890} INFO - Executing <Task(PythonOperator): build_gold> on 2026-09-21 10:06:26.998955+00:00
[2026-09-21T10:25:01.436+0000] {standard_task_runner.py:72} INFO - Started process 518 to run task
[2026-09-21T10:25:01.438+0000] {standard_task_runner.py:104} INFO - Running: ['***', 'tasks', 'run', 'weather_risk_pipeline', 'build_gold', 'manual__2026-09-21T10:06:26.998955+00:00', '--job-id', '24', '--raw', '--subdir', 'DAGS_FOLDER/weather_pipeline_dag.py', '--cfg-path', '/tmp/tmpnpqyluar']
[2026-09-21T10:25:01.439+0000] {standard_task_runner.py:105} INFO - Job 24: Subtask build_gold
[2026-09-21T10:25:01.471+0000] {task_command.py:467} INFO - Running <TaskInstance: weather_risk_pipeline.build_gold manual__2026-09-21T10:06:26.998955+00:00 [running]> on host d7ad3602866e
[2026-09-21T10:25:01.527+0000] {taskinstance.py:3134} INFO - Exporting env vars: AIRFLOW_CTX_DAG_OWNER='data-team' AIRFLOW_CTX_DAG_ID='weather_risk_pipeline' AIRFLOW_CTX_TASK_ID='build_gold' AIRFLOW_CTX_EXECUTION_DATE='2026-09-21T10:06:26.998955+00:00' AIRFLOW_CTX_TRY_NUMBER='1' AIRFLOW_CTX_DAG_RUN_ID='manual__2026-09-21T10:06:26.998955+00:00'
[2026-09-21T10:25:01.527+0000] {taskinstance.py:732} INFO - ::endgroup::
[2026-09-21T10:25:01.716+0000] {logging_mixin.py:190} INFO - 2026-09-21 10:25:01 | INFO     | src.transform.build_gold | Silver lu depuis weather_silver_2026-09-21.parquet
[2026-09-21T10:25:01.716+0000] {build_gold.py:43} INFO - Silver lu depuis weather_silver_2026-09-21.parquet
[2026-09-21T10:25:01.743+0000] {logging_mixin.py:190} INFO - 2026-09-21 10:25:01 | INFO     | src.transform.build_gold | GOLD | 840 lignes | risk_score moyen=12.6 | 0 lignes à risque Élevé/Critique | ville la + à risque en moyenne : Oulad Teïma
[2026-09-21T10:25:01.742+0000] {build_gold.py:176} INFO - GOLD | 840 lignes | risk_score moyen=12.6 | 0 lignes à risque Élevé/Critique | ville la + à risque en moyenne : Oulad Teïma
[2026-09-21T10:25:01.743+0000] {logging_mixin.py:190} INFO - 2026-09-21 10:25:01 | INFO     | src.transform.build_gold | GOLD | qualité des données : {'Complet': 840}
[2026-09-21T10:25:01.743+0000] {build_gold.py:180} INFO - GOLD | qualité des données : {'Complet': 840}
[2026-09-21T10:25:01.754+0000] {logging_mixin.py:190} INFO - 2026-09-21 10:25:01 | INFO     | src.transform.build_gold | Gold écrit : weather_gold_2026-09-21.parquet
[2026-09-21T10:25:01.754+0000] {build_gold.py:195} INFO - Gold écrit : weather_gold_2026-09-21.parquet
[2026-09-21T10:25:01.755+0000] {weather_pipeline_dag.py:43} INFO - Gold écrit dans /opt/***/data/gold/weather_gold_2026-09-21.parquet
[2026-09-21T10:25:01.755+0000] {python.py:240} INFO - Done. Returned value was: None
[2026-09-21T10:25:01.762+0000] {taskinstance.py:341} INFO - ::group::Post task execution logs
[2026-09-21T10:25:01.762+0000] {taskinstance.py:353} INFO - Marking task as SUCCESS. dag_id=weather_risk_pipeline, task_id=build_gold, run_id=manual__2026-09-21T10:06:26.998955+00:00, execution_date=20260921T100626, start_date=20260921T102501, end_date=20260921T102501
[2026-09-21T10:25:01.811+0000] {local_task_job_runner.py:266} INFO - Task exited with return code 0
[2026-09-21T10:25:01.844+0000] {taskinstance.py:3901} INFO - 1 downstream tasks scheduled from follow-on schedule check
[2026-09-21T10:25:01.846+0000] {local_task_job_runner.py:245} INFO - ::endgroup::
