[2026-09-20T23:20:12.337+0000] {processor.py:186} INFO - Started process (PID=167) to work on /opt/airflow/dags/weather_pipeline_dag.py
[2026-09-20T23:20:12.338+0000] {processor.py:914} INFO - Processing file /opt/airflow/dags/weather_pipeline_dag.py for tasks to queue
[2026-09-20T23:20:12.339+0000] {logging_mixin.py:190} INFO - [2026-09-20T23:20:12.339+0000] {dagbag.py:588} INFO - Filling up the DagBag from /opt/airflow/dags/weather_pipeline_dag.py
[2026-09-20T23:20:12.352+0000] {processor.py:925} INFO - DAG(s) 'weather_risk_pipeline' retrieved from /opt/airflow/dags/weather_pipeline_dag.py
[2026-09-20T23:20:12.582+0000] {logging_mixin.py:190} INFO - [2026-09-20T23:20:12.582+0000] {override.py:1912} INFO - Created Permission View: can delete on DAG:weather_risk_pipeline
[2026-09-20T23:20:12.592+0000] {logging_mixin.py:190} INFO - [2026-09-20T23:20:12.592+0000] {override.py:1912} INFO - Created Permission View: can read on DAG:weather_risk_pipeline
[2026-09-20T23:20:12.598+0000] {logging_mixin.py:190} INFO - [2026-09-20T23:20:12.598+0000] {override.py:1912} INFO - Created Permission View: can edit on DAG:weather_risk_pipeline
[2026-09-20T23:20:12.607+0000] {logging_mixin.py:190} INFO - [2026-09-20T23:20:12.607+0000] {override.py:1912} INFO - Created Permission View: can read on DAG Run:weather_risk_pipeline
[2026-09-20T23:20:12.613+0000] {logging_mixin.py:190} INFO - [2026-09-20T23:20:12.613+0000] {override.py:1912} INFO - Created Permission View: menu access on DAG Run:weather_risk_pipeline
[2026-09-20T23:20:12.619+0000] {logging_mixin.py:190} INFO - [2026-09-20T23:20:12.619+0000] {override.py:1912} INFO - Created Permission View: can delete on DAG Run:weather_risk_pipeline
[2026-09-20T23:20:12.625+0000] {logging_mixin.py:190} INFO - [2026-09-20T23:20:12.625+0000] {override.py:1912} INFO - Created Permission View: can create on DAG Run:weather_risk_pipeline
[2026-09-20T23:20:12.625+0000] {logging_mixin.py:190} INFO - [2026-09-20T23:20:12.625+0000] {dag.py:3239} INFO - Sync 1 DAGs
[2026-09-20T23:20:12.639+0000] {logging_mixin.py:190} INFO - [2026-09-20T23:20:12.639+0000] {dag.py:3262} INFO - Creating ORM DAG for weather_risk_pipeline
[2026-09-20T23:20:12.654+0000] {logging_mixin.py:190} INFO - [2026-09-20T23:20:12.653+0000] {dag.py:4180} INFO - Setting next_dagrun for weather_risk_pipeline to 2026-09-19 06:00:00+00:00, run_after=2026-09-20 06:00:00+00:00
[2026-09-20T23:20:12.679+0000] {processor.py:208} INFO - Processing /opt/airflow/dags/weather_pipeline_dag.py took 0.346 seconds
[2026-09-20T23:20:42.864+0000] {processor.py:186} INFO - Started process (PID=172) to work on /opt/airflow/dags/weather_pipeline_dag.py
[2026-09-20T23:20:42.865+0000] {processor.py:914} INFO - Processing file /opt/airflow/dags/weather_pipeline_dag.py for tasks to queue
[2026-09-20T23:20:42.868+0000] {logging_mixin.py:190} INFO - [2026-09-20T23:20:42.867+0000] {dagbag.py:588} INFO - Filling up the DagBag from /opt/airflow/dags/weather_pipeline_dag.py
[2026-09-20T23:20:42.885+0000] {processor.py:925} INFO - DAG(s) 'weather_risk_pipeline' retrieved from /opt/airflow/dags/weather_pipeline_dag.py
[2026-09-20T23:20:42.932+0000] {logging_mixin.py:190} INFO - [2026-09-20T23:20:42.932+0000] {dag.py:3239} INFO - Sync 1 DAGs
[2026-09-20T23:20:42.952+0000] {logging_mixin.py:190} INFO - [2026-09-20T23:20:42.952+0000] {dag.py:4180} INFO - Setting next_dagrun for weather_risk_pipeline to 2026-09-19 06:00:00+00:00, run_after=2026-09-20 06:00:00+00:00
[2026-09-20T23:20:42.976+0000] {processor.py:208} INFO - Processing /opt/airflow/dags/weather_pipeline_dag.py took 0.122 seconds
[2026-09-20T23:21:13.065+0000] {processor.py:186} INFO - Started process (PID=177) to work on /opt/airflow/dags/weather_pipeline_dag.py
[2026-09-20T23:21:13.066+0000] {processor.py:914} INFO - Processing file /opt/airflow/dags/weather_pipeline_dag.py for tasks to queue
[2026-09-20T23:21:13.069+0000] {logging_mixin.py:190} INFO - [2026-09-20T23:21:13.068+0000] {dagbag.py:588} INFO - Filling up the DagBag from /opt/airflow/dags/weather_pipeline_dag.py
[2026-09-20T23:21:13.087+0000] {processor.py:925} INFO - DAG(s) 'weather_risk_pipeline' retrieved from /opt/airflow/dags/weather_pipeline_dag.py
[2026-09-20T23:21:13.140+0000] {logging_mixin.py:190} INFO - [2026-09-20T23:21:13.139+0000] {dag.py:3239} INFO - Sync 1 DAGs
[2026-09-20T23:21:13.162+0000] {logging_mixin.py:190} INFO - [2026-09-20T23:21:13.162+0000] {dag.py:4180} INFO - Setting next_dagrun for weather_risk_pipeline to 2026-09-19 06:00:00+00:00, run_after=2026-09-20 06:00:00+00:00
[2026-09-20T23:21:13.188+0000] {processor.py:208} INFO - Processing /opt/airflow/dags/weather_pipeline_dag.py took 0.133 seconds
[2026-09-20T23:21:43.374+0000] {processor.py:186} INFO - Started process (PID=182) to work on /opt/airflow/dags/weather_pipeline_dag.py
[2026-09-20T23:21:43.375+0000] {processor.py:914} INFO - Processing file /opt/airflow/dags/weather_pipeline_dag.py for tasks to queue
[2026-09-20T23:21:43.378+0000] {logging_mixin.py:190} INFO - [2026-09-20T23:21:43.377+0000] {dagbag.py:588} INFO - Filling up the DagBag from /opt/airflow/dags/weather_pipeline_dag.py
[2026-09-20T23:21:43.398+0000] {processor.py:925} INFO - DAG(s) 'weather_risk_pipeline' retrieved from /opt/airflow/dags/weather_pipeline_dag.py
[2026-09-20T23:21:43.447+0000] {logging_mixin.py:190} INFO - [2026-09-20T23:21:43.446+0000] {dag.py:3239} INFO - Sync 1 DAGs
[2026-09-20T23:21:43.469+0000] {logging_mixin.py:190} INFO - [2026-09-20T23:21:43.469+0000] {dag.py:4180} INFO - Setting next_dagrun for weather_risk_pipeline to 2026-09-19 06:00:00+00:00, run_after=2026-09-20 06:00:00+00:00
[2026-09-20T23:21:43.497+0000] {processor.py:208} INFO - Processing /opt/airflow/dags/weather_pipeline_dag.py took 0.132 seconds
[2026-09-20T23:22:13.593+0000] {processor.py:186} INFO - Started process (PID=187) to work on /opt/airflow/dags/weather_pipeline_dag.py
[2026-09-20T23:22:13.594+0000] {processor.py:914} INFO - Processing file /opt/airflow/dags/weather_pipeline_dag.py for tasks to queue
[2026-09-20T23:22:13.597+0000] {logging_mixin.py:190} INFO - [2026-09-20T23:22:13.597+0000] {dagbag.py:588} INFO - Filling up the DagBag from /opt/airflow/dags/weather_pipeline_dag.py
[2026-09-20T23:22:13.614+0000] {processor.py:925} INFO - DAG(s) 'weather_risk_pipeline' retrieved from /opt/airflow/dags/weather_pipeline_dag.py
[2026-09-20T23:22:13.647+0000] {logging_mixin.py:190} INFO - [2026-09-20T23:22:13.647+0000] {dag.py:3239} INFO - Sync 1 DAGs
[2026-09-20T23:22:13.667+0000] {logging_mixin.py:190} INFO - [2026-09-20T23:22:13.667+0000] {dag.py:4180} INFO - Setting next_dagrun for weather_risk_pipeline to 2026-09-19 06:00:00+00:00, run_after=2026-09-20 06:00:00+00:00
[2026-09-20T23:22:13.681+0000] {processor.py:208} INFO - Processing /opt/airflow/dags/weather_pipeline_dag.py took 0.098 seconds
[2026-09-20T23:22:43.800+0000] {processor.py:186} INFO - Started process (PID=192) to work on /opt/airflow/dags/weather_pipeline_dag.py
[2026-09-20T23:22:43.801+0000] {processor.py:914} INFO - Processing file /opt/airflow/dags/weather_pipeline_dag.py for tasks to queue
[2026-09-20T23:22:43.804+0000] {logging_mixin.py:190} INFO - [2026-09-20T23:22:43.804+0000] {dagbag.py:588} INFO - Filling up the DagBag from /opt/airflow/dags/weather_pipeline_dag.py
[2026-09-20T23:22:43.823+0000] {processor.py:925} INFO - DAG(s) 'weather_risk_pipeline' retrieved from /opt/airflow/dags/weather_pipeline_dag.py
[2026-09-20T23:22:43.879+0000] {logging_mixin.py:190} INFO - [2026-09-20T23:22:43.879+0000] {dag.py:3239} INFO - Sync 1 DAGs
[2026-09-20T23:22:43.906+0000] {logging_mixin.py:190} INFO - [2026-09-20T23:22:43.906+0000] {dag.py:4180} INFO - Setting next_dagrun for weather_risk_pipeline to 2026-09-19 06:00:00+00:00, run_after=2026-09-20 06:00:00+00:00
[2026-09-20T23:22:43.921+0000] {processor.py:208} INFO - Processing /opt/airflow/dags/weather_pipeline_dag.py took 0.131 seconds
[2026-09-20T23:23:14.071+0000] {processor.py:186} INFO - Started process (PID=197) to work on /opt/airflow/dags/weather_pipeline_dag.py
[2026-09-20T23:23:14.081+0000] {processor.py:914} INFO - Processing file /opt/airflow/dags/weather_pipeline_dag.py for tasks to queue
[2026-09-20T23:23:14.084+0000] {logging_mixin.py:190} INFO - [2026-09-20T23:23:14.083+0000] {dagbag.py:588} INFO - Filling up the DagBag from /opt/airflow/dags/weather_pipeline_dag.py
[2026-09-20T23:23:14.100+0000] {processor.py:925} INFO - DAG(s) 'weather_risk_pipeline' retrieved from /opt/airflow/dags/weather_pipeline_dag.py
[2026-09-20T23:23:14.151+0000] {logging_mixin.py:190} INFO - [2026-09-20T23:23:14.151+0000] {dag.py:3239} INFO - Sync 1 DAGs
[2026-09-20T23:23:14.177+0000] {logging_mixin.py:190} INFO - [2026-09-20T23:23:14.177+0000] {dag.py:4180} INFO - Setting next_dagrun for weather_risk_pipeline to 2026-09-19 06:00:00+00:00, run_after=2026-09-20 06:00:00+00:00
[2026-09-20T23:23:14.191+0000] {processor.py:208} INFO - Processing /opt/airflow/dags/weather_pipeline_dag.py took 0.130 seconds
[2026-09-20T23:23:44.338+0000] {processor.py:186} INFO - Started process (PID=202) to work on /opt/airflow/dags/weather_pipeline_dag.py
[2026-09-20T23:23:44.339+0000] {processor.py:914} INFO - Processing file /opt/airflow/dags/weather_pipeline_dag.py for tasks to queue
[2026-09-20T23:23:44.343+0000] {logging_mixin.py:190} INFO - [2026-09-20T23:23:44.342+0000] {dagbag.py:588} INFO - Filling up the DagBag from /opt/airflow/dags/weather_pipeline_dag.py
[2026-09-20T23:23:44.361+0000] {processor.py:925} INFO - DAG(s) 'weather_risk_pipeline' retrieved from /opt/airflow/dags/weather_pipeline_dag.py
[2026-09-20T23:23:44.408+0000] {logging_mixin.py:190} INFO - [2026-09-20T23:23:44.408+0000] {dag.py:3239} INFO - Sync 1 DAGs
[2026-09-20T23:23:44.428+0000] {logging_mixin.py:190} INFO - [2026-09-20T23:23:44.428+0000] {dag.py:4180} INFO - Setting next_dagrun for weather_risk_pipeline to 2026-09-19 06:00:00+00:00, run_after=2026-09-20 06:00:00+00:00
[2026-09-20T23:23:44.443+0000] {processor.py:208} INFO - Processing /opt/airflow/dags/weather_pipeline_dag.py took 0.115 seconds
[2026-09-20T23:24:14.602+0000] {processor.py:186} INFO - Started process (PID=207) to work on /opt/airflow/dags/weather_pipeline_dag.py
[2026-09-20T23:24:14.603+0000] {processor.py:914} INFO - Processing file /opt/airflow/dags/weather_pipeline_dag.py for tasks to queue
[2026-09-20T23:24:14.606+0000] {logging_mixin.py:190} INFO - [2026-09-20T23:24:14.606+0000] {dagbag.py:588} INFO - Filling up the DagBag from /opt/airflow/dags/weather_pipeline_dag.py
[2026-09-20T23:24:14.624+0000] {processor.py:925} INFO - DAG(s) 'weather_risk_pipeline' retrieved from /opt/airflow/dags/weather_pipeline_dag.py
[2026-09-20T23:24:14.676+0000] {logging_mixin.py:190} INFO - [2026-09-20T23:24:14.675+0000] {dag.py:3239} INFO - Sync 1 DAGs
[2026-09-20T23:24:14.707+0000] {logging_mixin.py:190} INFO - [2026-09-20T23:24:14.707+0000] {dag.py:4180} INFO - Setting next_dagrun for weather_risk_pipeline to 2026-09-19 06:00:00+00:00, run_after=2026-09-20 06:00:00+00:00
[2026-09-20T23:24:14.738+0000] {processor.py:208} INFO - Processing /opt/airflow/dags/weather_pipeline_dag.py took 0.145 seconds
[2026-09-20T23:24:44.881+0000] {processor.py:186} INFO - Started process (PID=212) to work on /opt/airflow/dags/weather_pipeline_dag.py
[2026-09-20T23:24:44.882+0000] {processor.py:914} INFO - Processing file /opt/airflow/dags/weather_pipeline_dag.py for tasks to queue
[2026-09-20T23:24:44.885+0000] {logging_mixin.py:190} INFO - [2026-09-20T23:24:44.884+0000] {dagbag.py:588} INFO - Filling up the DagBag from /opt/airflow/dags/weather_pipeline_dag.py
[2026-09-20T23:24:44.903+0000] {processor.py:925} INFO - DAG(s) 'weather_risk_pipeline' retrieved from /opt/airflow/dags/weather_pipeline_dag.py
[2026-09-20T23:24:44.952+0000] {logging_mixin.py:190} INFO - [2026-09-20T23:24:44.952+0000] {dag.py:3239} INFO - Sync 1 DAGs
[2026-09-20T23:24:44.973+0000] {logging_mixin.py:190} INFO - [2026-09-20T23:24:44.973+0000] {dag.py:4180} INFO - Setting next_dagrun for weather_risk_pipeline to 2026-09-19 06:00:00+00:00, run_after=2026-09-20 06:00:00+00:00
[2026-09-20T23:24:44.998+0000] {processor.py:208} INFO - Processing /opt/airflow/dags/weather_pipeline_dag.py took 0.127 seconds
[2026-09-20T23:25:15.223+0000] {processor.py:186} INFO - Started process (PID=217) to work on /opt/airflow/dags/weather_pipeline_dag.py
[2026-09-20T23:25:15.233+0000] {processor.py:914} INFO - Processing file /opt/airflow/dags/weather_pipeline_dag.py for tasks to queue
[2026-09-20T23:25:15.236+0000] {logging_mixin.py:190} INFO - [2026-09-20T23:25:15.235+0000] {dagbag.py:588} INFO - Filling up the DagBag from /opt/airflow/dags/weather_pipeline_dag.py
[2026-09-20T23:25:15.254+0000] {processor.py:925} INFO - DAG(s) 'weather_risk_pipeline' retrieved from /opt/airflow/dags/weather_pipeline_dag.py
[2026-09-20T23:25:15.303+0000] {logging_mixin.py:190} INFO - [2026-09-20T23:25:15.303+0000] {dag.py:3239} INFO - Sync 1 DAGs
[2026-09-20T23:25:15.326+0000] {logging_mixin.py:190} INFO - [2026-09-20T23:25:15.326+0000] {dag.py:4180} INFO - Setting next_dagrun for weather_risk_pipeline to 2026-09-19 06:00:00+00:00, run_after=2026-09-20 06:00:00+00:00
[2026-09-20T23:25:15.345+0000] {processor.py:208} INFO - Processing /opt/airflow/dags/weather_pipeline_dag.py took 0.131 seconds
[2026-09-20T23:25:45.469+0000] {processor.py:186} INFO - Started process (PID=222) to work on /opt/airflow/dags/weather_pipeline_dag.py
[2026-09-20T23:25:45.470+0000] {processor.py:914} INFO - Processing file /opt/airflow/dags/weather_pipeline_dag.py for tasks to queue
[2026-09-20T23:25:45.473+0000] {logging_mixin.py:190} INFO - [2026-09-20T23:25:45.472+0000] {dagbag.py:588} INFO - Filling up the DagBag from /opt/airflow/dags/weather_pipeline_dag.py
[2026-09-20T23:25:45.491+0000] {processor.py:925} INFO - DAG(s) 'weather_risk_pipeline' retrieved from /opt/airflow/dags/weather_pipeline_dag.py
[2026-09-20T23:25:45.539+0000] {logging_mixin.py:190} INFO - [2026-09-20T23:25:45.539+0000] {dag.py:3239} INFO - Sync 1 DAGs
[2026-09-20T23:25:45.562+0000] {logging_mixin.py:190} INFO - [2026-09-20T23:25:45.562+0000] {dag.py:4180} INFO - Setting next_dagrun for weather_risk_pipeline to 2026-09-19 06:00:00+00:00, run_after=2026-09-20 06:00:00+00:00
[2026-09-20T23:25:45.597+0000] {processor.py:208} INFO - Processing /opt/airflow/dags/weather_pipeline_dag.py took 0.139 seconds
[2026-09-20T23:26:15.790+0000] {processor.py:186} INFO - Started process (PID=227) to work on /opt/airflow/dags/weather_pipeline_dag.py
[2026-09-20T23:26:15.799+0000] {processor.py:914} INFO - Processing file /opt/airflow/dags/weather_pipeline_dag.py for tasks to queue
[2026-09-20T23:26:15.802+0000] {logging_mixin.py:190} INFO - [2026-09-20T23:26:15.802+0000] {dagbag.py:588} INFO - Filling up the DagBag from /opt/airflow/dags/weather_pipeline_dag.py
[2026-09-20T23:26:15.821+0000] {processor.py:925} INFO - DAG(s) 'weather_risk_pipeline' retrieved from /opt/airflow/dags/weather_pipeline_dag.py
[2026-09-20T23:26:15.872+0000] {logging_mixin.py:190} INFO - [2026-09-20T23:26:15.872+0000] {dag.py:3239} INFO - Sync 1 DAGs
[2026-09-20T23:26:15.900+0000] {logging_mixin.py:190} INFO - [2026-09-20T23:26:15.899+0000] {dag.py:4180} INFO - Setting next_dagrun for weather_risk_pipeline to 2026-09-19 06:00:00+00:00, run_after=2026-09-20 06:00:00+00:00
[2026-09-20T23:26:15.928+0000] {processor.py:208} INFO - Processing /opt/airflow/dags/weather_pipeline_dag.py took 0.149 seconds
[2026-09-20T23:26:46.042+0000] {processor.py:186} INFO - Started process (PID=232) to work on /opt/airflow/dags/weather_pipeline_dag.py
[2026-09-20T23:26:46.043+0000] {processor.py:914} INFO - Processing file /opt/airflow/dags/weather_pipeline_dag.py for tasks to queue
[2026-09-20T23:26:46.046+0000] {logging_mixin.py:190} INFO - [2026-09-20T23:26:46.046+0000] {dagbag.py:588} INFO - Filling up the DagBag from /opt/airflow/dags/weather_pipeline_dag.py
[2026-09-20T23:26:46.065+0000] {processor.py:925} INFO - DAG(s) 'weather_risk_pipeline' retrieved from /opt/airflow/dags/weather_pipeline_dag.py
[2026-09-20T23:26:46.115+0000] {logging_mixin.py:190} INFO - [2026-09-20T23:26:46.114+0000] {dag.py:3239} INFO - Sync 1 DAGs
[2026-09-20T23:26:46.136+0000] {logging_mixin.py:190} INFO - [2026-09-20T23:26:46.136+0000] {dag.py:4180} INFO - Setting next_dagrun for weather_risk_pipeline to 2026-09-19 06:00:00+00:00, run_after=2026-09-20 06:00:00+00:00
[2026-09-20T23:26:46.163+0000] {processor.py:208} INFO - Processing /opt/airflow/dags/weather_pipeline_dag.py took 0.131 seconds
[2026-09-20T23:27:16.385+0000] {processor.py:186} INFO - Started process (PID=237) to work on /opt/airflow/dags/weather_pipeline_dag.py
[2026-09-20T23:27:16.394+0000] {processor.py:914} INFO - Processing file /opt/airflow/dags/weather_pipeline_dag.py for tasks to queue
[2026-09-20T23:27:16.397+0000] {logging_mixin.py:190} INFO - [2026-09-20T23:27:16.396+0000] {dagbag.py:588} INFO - Filling up the DagBag from /opt/airflow/dags/weather_pipeline_dag.py
[2026-09-20T23:27:16.415+0000] {processor.py:925} INFO - DAG(s) 'weather_risk_pipeline' retrieved from /opt/airflow/dags/weather_pipeline_dag.py
[2026-09-20T23:27:16.465+0000] {logging_mixin.py:190} INFO - [2026-09-20T23:27:16.464+0000] {dag.py:3239} INFO - Sync 1 DAGs
[2026-09-20T23:27:16.489+0000] {logging_mixin.py:190} INFO - [2026-09-20T23:27:16.489+0000] {dag.py:4180} INFO - Setting next_dagrun for weather_risk_pipeline to 2026-09-19 06:00:00+00:00, run_after=2026-09-20 06:00:00+00:00
[2026-09-20T23:27:16.504+0000] {processor.py:208} INFO - Processing /opt/airflow/dags/weather_pipeline_dag.py took 0.129 seconds
[2026-09-20T23:27:46.623+0000] {processor.py:186} INFO - Started process (PID=242) to work on /opt/airflow/dags/weather_pipeline_dag.py
[2026-09-20T23:27:46.624+0000] {processor.py:914} INFO - Processing file /opt/airflow/dags/weather_pipeline_dag.py for tasks to queue
[2026-09-20T23:27:46.627+0000] {logging_mixin.py:190} INFO - [2026-09-20T23:27:46.627+0000] {dagbag.py:588} INFO - Filling up the DagBag from /opt/airflow/dags/weather_pipeline_dag.py
[2026-09-20T23:27:46.646+0000] {processor.py:925} INFO - DAG(s) 'weather_risk_pipeline' retrieved from /opt/airflow/dags/weather_pipeline_dag.py
[2026-09-20T23:27:46.695+0000] {logging_mixin.py:190} INFO - [2026-09-20T23:27:46.695+0000] {dag.py:3239} INFO - Sync 1 DAGs
[2026-09-20T23:27:46.717+0000] {logging_mixin.py:190} INFO - [2026-09-20T23:27:46.717+0000] {dag.py:4180} INFO - Setting next_dagrun for weather_risk_pipeline to 2026-09-19 06:00:00+00:00, run_after=2026-09-20 06:00:00+00:00
[2026-09-20T23:27:46.745+0000] {processor.py:208} INFO - Processing /opt/airflow/dags/weather_pipeline_dag.py took 0.133 seconds
[2026-09-20T23:28:16.938+0000] {processor.py:186} INFO - Started process (PID=247) to work on /opt/airflow/dags/weather_pipeline_dag.py
[2026-09-20T23:28:16.947+0000] {processor.py:914} INFO - Processing file /opt/airflow/dags/weather_pipeline_dag.py for tasks to queue
[2026-09-20T23:28:16.950+0000] {logging_mixin.py:190} INFO - [2026-09-20T23:28:16.950+0000] {dagbag.py:588} INFO - Filling up the DagBag from /opt/airflow/dags/weather_pipeline_dag.py
[2026-09-20T23:28:16.969+0000] {processor.py:925} INFO - DAG(s) 'weather_risk_pipeline' retrieved from /opt/airflow/dags/weather_pipeline_dag.py
[2026-09-20T23:28:17.017+0000] {logging_mixin.py:190} INFO - [2026-09-20T23:28:17.017+0000] {dag.py:3239} INFO - Sync 1 DAGs
[2026-09-20T23:28:17.044+0000] {logging_mixin.py:190} INFO - [2026-09-20T23:28:17.044+0000] {dag.py:4180} INFO - Setting next_dagrun for weather_risk_pipeline to 2026-09-19 06:00:00+00:00, run_after=2026-09-20 06:00:00+00:00
[2026-09-20T23:28:17.061+0000] {processor.py:208} INFO - Processing /opt/airflow/dags/weather_pipeline_dag.py took 0.133 seconds
[2026-09-20T23:28:47.171+0000] {processor.py:186} INFO - Started process (PID=252) to work on /opt/airflow/dags/weather_pipeline_dag.py
[2026-09-20T23:28:47.172+0000] {processor.py:914} INFO - Processing file /opt/airflow/dags/weather_pipeline_dag.py for tasks to queue
[2026-09-20T23:28:47.176+0000] {logging_mixin.py:190} INFO - [2026-09-20T23:28:47.176+0000] {dagbag.py:588} INFO - Filling up the DagBag from /opt/airflow/dags/weather_pipeline_dag.py
[2026-09-20T23:28:47.195+0000] {processor.py:925} INFO - DAG(s) 'weather_risk_pipeline' retrieved from /opt/airflow/dags/weather_pipeline_dag.py
[2026-09-20T23:28:47.240+0000] {logging_mixin.py:190} INFO - [2026-09-20T23:28:47.240+0000] {dag.py:3239} INFO - Sync 1 DAGs
[2026-09-20T23:28:47.261+0000] {logging_mixin.py:190} INFO - [2026-09-20T23:28:47.261+0000] {dag.py:4180} INFO - Setting next_dagrun for weather_risk_pipeline to 2026-09-19 06:00:00+00:00, run_after=2026-09-20 06:00:00+00:00
[2026-09-20T23:28:47.285+0000] {processor.py:208} INFO - Processing /opt/airflow/dags/weather_pipeline_dag.py took 0.126 seconds
[2026-09-20T23:29:17.493+0000] {processor.py:186} INFO - Started process (PID=257) to work on /opt/airflow/dags/weather_pipeline_dag.py
[2026-09-20T23:29:17.502+0000] {processor.py:914} INFO - Processing file /opt/airflow/dags/weather_pipeline_dag.py for tasks to queue
[2026-09-20T23:29:17.505+0000] {logging_mixin.py:190} INFO - [2026-09-20T23:29:17.505+0000] {dagbag.py:588} INFO - Filling up the DagBag from /opt/airflow/dags/weather_pipeline_dag.py
[2026-09-20T23:29:17.524+0000] {processor.py:925} INFO - DAG(s) 'weather_risk_pipeline' retrieved from /opt/airflow/dags/weather_pipeline_dag.py
[2026-09-20T23:29:17.574+0000] {logging_mixin.py:190} INFO - [2026-09-20T23:29:17.573+0000] {dag.py:3239} INFO - Sync 1 DAGs
[2026-09-20T23:29:17.611+0000] {logging_mixin.py:190} INFO - [2026-09-20T23:29:17.611+0000] {dag.py:4180} INFO - Setting next_dagrun for weather_risk_pipeline to 2026-09-19 06:00:00+00:00, run_after=2026-09-20 06:00:00+00:00
[2026-09-20T23:29:17.640+0000] {processor.py:208} INFO - Processing /opt/airflow/dags/weather_pipeline_dag.py took 0.157 seconds
[2026-09-20T23:29:47.736+0000] {processor.py:186} INFO - Started process (PID=262) to work on /opt/airflow/dags/weather_pipeline_dag.py
[2026-09-20T23:29:47.737+0000] {processor.py:914} INFO - Processing file /opt/airflow/dags/weather_pipeline_dag.py for tasks to queue
[2026-09-20T23:29:47.741+0000] {logging_mixin.py:190} INFO - [2026-09-20T23:29:47.740+0000] {dagbag.py:588} INFO - Filling up the DagBag from /opt/airflow/dags/weather_pipeline_dag.py
[2026-09-20T23:29:47.759+0000] {processor.py:925} INFO - DAG(s) 'weather_risk_pipeline' retrieved from /opt/airflow/dags/weather_pipeline_dag.py
[2026-09-20T23:29:47.810+0000] {logging_mixin.py:190} INFO - [2026-09-20T23:29:47.810+0000] {dag.py:3239} INFO - Sync 1 DAGs
[2026-09-20T23:29:47.833+0000] {logging_mixin.py:190} INFO - [2026-09-20T23:29:47.832+0000] {dag.py:4180} INFO - Setting next_dagrun for weather_risk_pipeline to 2026-09-19 06:00:00+00:00, run_after=2026-09-20 06:00:00+00:00
[2026-09-20T23:29:47.858+0000] {processor.py:208} INFO - Processing /opt/airflow/dags/weather_pipeline_dag.py took 0.131 seconds
[2026-09-20T23:30:18.117+0000] {processor.py:186} INFO - Started process (PID=267) to work on /opt/airflow/dags/weather_pipeline_dag.py
[2026-09-20T23:30:18.127+0000] {processor.py:914} INFO - Processing file /opt/airflow/dags/weather_pipeline_dag.py for tasks to queue
[2026-09-20T23:30:18.130+0000] {logging_mixin.py:190} INFO - [2026-09-20T23:30:18.129+0000] {dagbag.py:588} INFO - Filling up the DagBag from /opt/airflow/dags/weather_pipeline_dag.py
[2026-09-20T23:30:18.148+0000] {processor.py:925} INFO - DAG(s) 'weather_risk_pipeline' retrieved from /opt/airflow/dags/weather_pipeline_dag.py
[2026-09-20T23:30:18.199+0000] {logging_mixin.py:190} INFO - [2026-09-20T23:30:18.199+0000] {dag.py:3239} INFO - Sync 1 DAGs
[2026-09-20T23:30:18.223+0000] {logging_mixin.py:190} INFO - [2026-09-20T23:30:18.223+0000] {dag.py:4180} INFO - Setting next_dagrun for weather_risk_pipeline to 2026-09-19 06:00:00+00:00, run_after=2026-09-20 06:00:00+00:00
[2026-09-20T23:30:18.251+0000] {processor.py:208} INFO - Processing /opt/airflow/dags/weather_pipeline_dag.py took 0.143 seconds
[2026-09-20T23:30:48.337+0000] {processor.py:186} INFO - Started process (PID=272) to work on /opt/airflow/dags/weather_pipeline_dag.py
[2026-09-20T23:30:48.338+0000] {processor.py:914} INFO - Processing file /opt/airflow/dags/weather_pipeline_dag.py for tasks to queue
[2026-09-20T23:30:48.341+0000] {logging_mixin.py:190} INFO - [2026-09-20T23:30:48.341+0000] {dagbag.py:588} INFO - Filling up the DagBag from /opt/airflow/dags/weather_pipeline_dag.py
[2026-09-20T23:30:48.360+0000] {processor.py:925} INFO - DAG(s) 'weather_risk_pipeline' retrieved from /opt/airflow/dags/weather_pipeline_dag.py
[2026-09-20T23:30:48.409+0000] {logging_mixin.py:190} INFO - [2026-09-20T23:30:48.409+0000] {dag.py:3239} INFO - Sync 1 DAGs
[2026-09-20T23:30:48.430+0000] {logging_mixin.py:190} INFO - [2026-09-20T23:30:48.430+0000] {dag.py:4180} INFO - Setting next_dagrun for weather_risk_pipeline to 2026-09-19 06:00:00+00:00, run_after=2026-09-20 06:00:00+00:00
[2026-09-20T23:30:48.448+0000] {processor.py:208} INFO - Processing /opt/airflow/dags/weather_pipeline_dag.py took 0.121 seconds
[2026-09-20T23:31:18.692+0000] {processor.py:186} INFO - Started process (PID=277) to work on /opt/airflow/dags/weather_pipeline_dag.py
[2026-09-20T23:31:18.701+0000] {processor.py:914} INFO - Processing file /opt/airflow/dags/weather_pipeline_dag.py for tasks to queue
[2026-09-20T23:31:18.705+0000] {logging_mixin.py:190} INFO - [2026-09-20T23:31:18.704+0000] {dagbag.py:588} INFO - Filling up the DagBag from /opt/airflow/dags/weather_pipeline_dag.py
[2026-09-20T23:31:18.723+0000] {processor.py:925} INFO - DAG(s) 'weather_risk_pipeline' retrieved from /opt/airflow/dags/weather_pipeline_dag.py
[2026-09-20T23:31:18.775+0000] {logging_mixin.py:190} INFO - [2026-09-20T23:31:18.775+0000] {dag.py:3239} INFO - Sync 1 DAGs
[2026-09-20T23:31:18.815+0000] {logging_mixin.py:190} INFO - [2026-09-20T23:31:18.814+0000] {dag.py:4180} INFO - Setting next_dagrun for weather_risk_pipeline to 2026-09-19 06:00:00+00:00, run_after=2026-09-20 06:00:00+00:00
[2026-09-20T23:31:18.851+0000] {processor.py:208} INFO - Processing /opt/airflow/dags/weather_pipeline_dag.py took 0.168 seconds
[2026-09-20T23:31:48.928+0000] {processor.py:186} INFO - Started process (PID=282) to work on /opt/airflow/dags/weather_pipeline_dag.py
[2026-09-20T23:31:48.929+0000] {processor.py:914} INFO - Processing file /opt/airflow/dags/weather_pipeline_dag.py for tasks to queue
[2026-09-20T23:31:48.932+0000] {logging_mixin.py:190} INFO - [2026-09-20T23:31:48.932+0000] {dagbag.py:588} INFO - Filling up the DagBag from /opt/airflow/dags/weather_pipeline_dag.py
[2026-09-20T23:31:48.950+0000] {processor.py:925} INFO - DAG(s) 'weather_risk_pipeline' retrieved from /opt/airflow/dags/weather_pipeline_dag.py
[2026-09-20T23:31:49.004+0000] {logging_mixin.py:190} INFO - [2026-09-20T23:31:49.003+0000] {dag.py:3239} INFO - Sync 1 DAGs
[2026-09-20T23:31:49.041+0000] {logging_mixin.py:190} INFO - [2026-09-20T23:31:49.041+0000] {dag.py:4180} INFO - Setting next_dagrun for weather_risk_pipeline to 2026-09-19 06:00:00+00:00, run_after=2026-09-20 06:00:00+00:00
[2026-09-20T23:31:49.077+0000] {processor.py:208} INFO - Processing /opt/airflow/dags/weather_pipeline_dag.py took 0.159 seconds
[2026-09-20T23:32:19.297+0000] {processor.py:186} INFO - Started process (PID=287) to work on /opt/airflow/dags/weather_pipeline_dag.py
[2026-09-20T23:32:19.306+0000] {processor.py:914} INFO - Processing file /opt/airflow/dags/weather_pipeline_dag.py for tasks to queue
[2026-09-20T23:32:19.309+0000] {logging_mixin.py:190} INFO - [2026-09-20T23:32:19.308+0000] {dagbag.py:588} INFO - Filling up the DagBag from /opt/airflow/dags/weather_pipeline_dag.py
[2026-09-20T23:32:19.328+0000] {processor.py:925} INFO - DAG(s) 'weather_risk_pipeline' retrieved from /opt/airflow/dags/weather_pipeline_dag.py
[2026-09-20T23:32:19.379+0000] {logging_mixin.py:190} INFO - [2026-09-20T23:32:19.378+0000] {dag.py:3239} INFO - Sync 1 DAGs
[2026-09-20T23:32:19.416+0000] {logging_mixin.py:190} INFO - [2026-09-20T23:32:19.415+0000] {dag.py:4180} INFO - Setting next_dagrun for weather_risk_pipeline to 2026-09-19 06:00:00+00:00, run_after=2026-09-20 06:00:00+00:00
[2026-09-20T23:32:19.449+0000] {processor.py:208} INFO - Processing /opt/airflow/dags/weather_pipeline_dag.py took 0.162 seconds
[2026-09-20T23:32:49.534+0000] {processor.py:186} INFO - Started process (PID=292) to work on /opt/airflow/dags/weather_pipeline_dag.py
[2026-09-20T23:32:49.535+0000] {processor.py:914} INFO - Processing file /opt/airflow/dags/weather_pipeline_dag.py for tasks to queue
[2026-09-20T23:32:49.537+0000] {logging_mixin.py:190} INFO - [2026-09-20T23:32:49.537+0000] {dagbag.py:588} INFO - Filling up the DagBag from /opt/airflow/dags/weather_pipeline_dag.py
[2026-09-20T23:32:49.555+0000] {processor.py:925} INFO - DAG(s) 'weather_risk_pipeline' retrieved from /opt/airflow/dags/weather_pipeline_dag.py
[2026-09-20T23:32:49.606+0000] {logging_mixin.py:190} INFO - [2026-09-20T23:32:49.606+0000] {dag.py:3239} INFO - Sync 1 DAGs
[2026-09-20T23:32:49.627+0000] {logging_mixin.py:190} INFO - [2026-09-20T23:32:49.627+0000] {dag.py:4180} INFO - Setting next_dagrun for weather_risk_pipeline to 2026-09-19 06:00:00+00:00, run_after=2026-09-20 06:00:00+00:00
[2026-09-20T23:32:49.652+0000] {processor.py:208} INFO - Processing /opt/airflow/dags/weather_pipeline_dag.py took 0.128 seconds
[2026-09-20T23:33:19.767+0000] {processor.py:186} INFO - Started process (PID=297) to work on /opt/airflow/dags/weather_pipeline_dag.py
[2026-09-20T23:33:19.769+0000] {processor.py:914} INFO - Processing file /opt/airflow/dags/weather_pipeline_dag.py for tasks to queue
[2026-09-20T23:33:19.772+0000] {logging_mixin.py:190} INFO - [2026-09-20T23:33:19.771+0000] {dagbag.py:588} INFO - Filling up the DagBag from /opt/airflow/dags/weather_pipeline_dag.py
[2026-09-20T23:33:19.791+0000] {processor.py:925} INFO - DAG(s) 'weather_risk_pipeline' retrieved from /opt/airflow/dags/weather_pipeline_dag.py
[2026-09-20T23:33:19.842+0000] {logging_mixin.py:190} INFO - [2026-09-20T23:33:19.842+0000] {dag.py:3239} INFO - Sync 1 DAGs
[2026-09-20T23:33:19.882+0000] {logging_mixin.py:190} INFO - [2026-09-20T23:33:19.882+0000] {dag.py:4180} INFO - Setting next_dagrun for weather_risk_pipeline to 2026-09-19 06:00:00+00:00, run_after=2026-09-20 06:00:00+00:00
[2026-09-20T23:33:19.918+0000] {processor.py:208} INFO - Processing /opt/airflow/dags/weather_pipeline_dag.py took 0.160 seconds
[2026-09-20T23:33:50.113+0000] {processor.py:186} INFO - Started process (PID=302) to work on /opt/airflow/dags/weather_pipeline_dag.py
[2026-09-20T23:33:50.114+0000] {processor.py:914} INFO - Processing file /opt/airflow/dags/weather_pipeline_dag.py for tasks to queue
[2026-09-20T23:33:50.117+0000] {logging_mixin.py:190} INFO - [2026-09-20T23:33:50.116+0000] {dagbag.py:588} INFO - Filling up the DagBag from /opt/airflow/dags/weather_pipeline_dag.py
[2026-09-20T23:33:50.135+0000] {processor.py:925} INFO - DAG(s) 'weather_risk_pipeline' retrieved from /opt/airflow/dags/weather_pipeline_dag.py
[2026-09-20T23:33:50.186+0000] {logging_mixin.py:190} INFO - [2026-09-20T23:33:50.186+0000] {dag.py:3239} INFO - Sync 1 DAGs
[2026-09-20T23:33:50.206+0000] {logging_mixin.py:190} INFO - [2026-09-20T23:33:50.206+0000] {dag.py:4180} INFO - Setting next_dagrun for weather_risk_pipeline to 2026-09-19 06:00:00+00:00, run_after=2026-09-20 06:00:00+00:00
[2026-09-20T23:33:50.243+0000] {processor.py:208} INFO - Processing /opt/airflow/dags/weather_pipeline_dag.py took 0.141 seconds
[2026-09-20T23:34:20.366+0000] {processor.py:186} INFO - Started process (PID=307) to work on /opt/airflow/dags/weather_pipeline_dag.py
[2026-09-20T23:34:20.376+0000] {processor.py:914} INFO - Processing file /opt/airflow/dags/weather_pipeline_dag.py for tasks to queue
[2026-09-20T23:34:20.379+0000] {logging_mixin.py:190} INFO - [2026-09-20T23:34:20.378+0000] {dagbag.py:588} INFO - Filling up the DagBag from /opt/airflow/dags/weather_pipeline_dag.py
[2026-09-20T23:34:20.398+0000] {processor.py:925} INFO - DAG(s) 'weather_risk_pipeline' retrieved from /opt/airflow/dags/weather_pipeline_dag.py
[2026-09-20T23:34:20.449+0000] {logging_mixin.py:190} INFO - [2026-09-20T23:34:20.449+0000] {dag.py:3239} INFO - Sync 1 DAGs
[2026-09-20T23:34:20.473+0000] {logging_mixin.py:190} INFO - [2026-09-20T23:34:20.472+0000] {dag.py:4180} INFO - Setting next_dagrun for weather_risk_pipeline to 2026-09-19 06:00:00+00:00, run_after=2026-09-20 06:00:00+00:00
[2026-09-20T23:34:20.486+0000] {processor.py:208} INFO - Processing /opt/airflow/dags/weather_pipeline_dag.py took 0.130 seconds
[2026-09-20T23:34:50.680+0000] {processor.py:186} INFO - Started process (PID=312) to work on /opt/airflow/dags/weather_pipeline_dag.py
[2026-09-20T23:34:50.681+0000] {processor.py:914} INFO - Processing file /opt/airflow/dags/weather_pipeline_dag.py for tasks to queue
[2026-09-20T23:34:50.684+0000] {logging_mixin.py:190} INFO - [2026-09-20T23:34:50.684+0000] {dagbag.py:588} INFO - Filling up the DagBag from /opt/airflow/dags/weather_pipeline_dag.py
[2026-09-20T23:34:50.702+0000] {processor.py:925} INFO - DAG(s) 'weather_risk_pipeline' retrieved from /opt/airflow/dags/weather_pipeline_dag.py
[2026-09-20T23:34:50.751+0000] {logging_mixin.py:190} INFO - [2026-09-20T23:34:50.750+0000] {dag.py:3239} INFO - Sync 1 DAGs
[2026-09-20T23:34:50.774+0000] {logging_mixin.py:190} INFO - [2026-09-20T23:34:50.774+0000] {dag.py:4180} INFO - Setting next_dagrun for weather_risk_pipeline to 2026-09-19 06:00:00+00:00, run_after=2026-09-20 06:00:00+00:00
[2026-09-20T23:34:50.788+0000] {processor.py:208} INFO - Processing /opt/airflow/dags/weather_pipeline_dag.py took 0.117 seconds
[2026-09-20T23:35:20.929+0000] {processor.py:186} INFO - Started process (PID=317) to work on /opt/airflow/dags/weather_pipeline_dag.py
[2026-09-20T23:35:20.938+0000] {processor.py:914} INFO - Processing file /opt/airflow/dags/weather_pipeline_dag.py for tasks to queue
[2026-09-20T23:35:20.942+0000] {logging_mixin.py:190} INFO - [2026-09-20T23:35:20.941+0000] {dagbag.py:588} INFO - Filling up the DagBag from /opt/airflow/dags/weather_pipeline_dag.py
[2026-09-20T23:35:20.961+0000] {processor.py:925} INFO - DAG(s) 'weather_risk_pipeline' retrieved from /opt/airflow/dags/weather_pipeline_dag.py
[2026-09-20T23:35:21.012+0000] {logging_mixin.py:190} INFO - [2026-09-20T23:35:21.012+0000] {dag.py:3239} INFO - Sync 1 DAGs
[2026-09-20T23:35:21.034+0000] {logging_mixin.py:190} INFO - [2026-09-20T23:35:21.034+0000] {dag.py:4180} INFO - Setting next_dagrun for weather_risk_pipeline to 2026-09-19 06:00:00+00:00, run_after=2026-09-20 06:00:00+00:00
[2026-09-20T23:35:21.060+0000] {processor.py:208} INFO - Processing /opt/airflow/dags/weather_pipeline_dag.py took 0.141 seconds
[2026-09-20T23:35:51.197+0000] {processor.py:186} INFO - Started process (PID=322) to work on /opt/airflow/dags/weather_pipeline_dag.py
[2026-09-20T23:35:51.198+0000] {processor.py:914} INFO - Processing file /opt/airflow/dags/weather_pipeline_dag.py for tasks to queue
[2026-09-20T23:35:51.200+0000] {logging_mixin.py:190} INFO - [2026-09-20T23:35:51.200+0000] {dagbag.py:588} INFO - Filling up the DagBag from /opt/airflow/dags/weather_pipeline_dag.py
[2026-09-20T23:35:51.210+0000] {processor.py:925} INFO - DAG(s) 'weather_risk_pipeline' retrieved from /opt/airflow/dags/weather_pipeline_dag.py
[2026-09-20T23:35:51.238+0000] {logging_mixin.py:190} INFO - [2026-09-20T23:35:51.238+0000] {dag.py:3239} INFO - Sync 1 DAGs
[2026-09-20T23:35:51.259+0000] {logging_mixin.py:190} INFO - [2026-09-20T23:35:51.258+0000] {dag.py:4180} INFO - Setting next_dagrun for weather_risk_pipeline to 2026-09-19 06:00:00+00:00, run_after=2026-09-20 06:00:00+00:00
[2026-09-20T23:35:51.276+0000] {processor.py:208} INFO - Processing /opt/airflow/dags/weather_pipeline_dag.py took 0.084 seconds
[2026-09-20T23:36:21.470+0000] {processor.py:186} INFO - Started process (PID=327) to work on /opt/airflow/dags/weather_pipeline_dag.py
[2026-09-20T23:36:21.479+0000] {processor.py:914} INFO - Processing file /opt/airflow/dags/weather_pipeline_dag.py for tasks to queue
[2026-09-20T23:36:21.482+0000] {logging_mixin.py:190} INFO - [2026-09-20T23:36:21.482+0000] {dagbag.py:588} INFO - Filling up the DagBag from /opt/airflow/dags/weather_pipeline_dag.py
[2026-09-20T23:36:21.502+0000] {processor.py:925} INFO - DAG(s) 'weather_risk_pipeline' retrieved from /opt/airflow/dags/weather_pipeline_dag.py
[2026-09-20T23:36:21.552+0000] {logging_mixin.py:190} INFO - [2026-09-20T23:36:21.551+0000] {dag.py:3239} INFO - Sync 1 DAGs
[2026-09-20T23:36:21.589+0000] {logging_mixin.py:190} INFO - [2026-09-20T23:36:21.589+0000] {dag.py:4180} INFO - Setting next_dagrun for weather_risk_pipeline to 2026-09-19 06:00:00+00:00, run_after=2026-09-20 06:00:00+00:00
[2026-09-20T23:36:21.621+0000] {processor.py:208} INFO - Processing /opt/airflow/dags/weather_pipeline_dag.py took 0.163 seconds
[2026-09-20T23:36:51.709+0000] {processor.py:186} INFO - Started process (PID=332) to work on /opt/airflow/dags/weather_pipeline_dag.py
[2026-09-20T23:36:51.710+0000] {processor.py:914} INFO - Processing file /opt/airflow/dags/weather_pipeline_dag.py for tasks to queue
[2026-09-20T23:36:51.713+0000] {logging_mixin.py:190} INFO - [2026-09-20T23:36:51.713+0000] {dagbag.py:588} INFO - Filling up the DagBag from /opt/airflow/dags/weather_pipeline_dag.py
[2026-09-20T23:36:51.732+0000] {processor.py:925} INFO - DAG(s) 'weather_risk_pipeline' retrieved from /opt/airflow/dags/weather_pipeline_dag.py
[2026-09-20T23:36:51.784+0000] {logging_mixin.py:190} INFO - [2026-09-20T23:36:51.783+0000] {dag.py:3239} INFO - Sync 1 DAGs
[2026-09-20T23:36:51.812+0000] {logging_mixin.py:190} INFO - [2026-09-20T23:36:51.812+0000] {dag.py:4180} INFO - Setting next_dagrun for weather_risk_pipeline to 2026-09-19 06:00:00+00:00, run_after=2026-09-20 06:00:00+00:00
[2026-09-20T23:36:51.839+0000] {processor.py:208} INFO - Processing /opt/airflow/dags/weather_pipeline_dag.py took 0.140 seconds
[2026-09-20T23:37:22.053+0000] {processor.py:186} INFO - Started process (PID=337) to work on /opt/airflow/dags/weather_pipeline_dag.py
[2026-09-20T23:37:22.062+0000] {processor.py:914} INFO - Processing file /opt/airflow/dags/weather_pipeline_dag.py for tasks to queue
[2026-09-20T23:37:22.065+0000] {logging_mixin.py:190} INFO - [2026-09-20T23:37:22.065+0000] {dagbag.py:588} INFO - Filling up the DagBag from /opt/airflow/dags/weather_pipeline_dag.py
[2026-09-20T23:37:22.084+0000] {processor.py:925} INFO - DAG(s) 'weather_risk_pipeline' retrieved from /opt/airflow/dags/weather_pipeline_dag.py
[2026-09-20T23:37:22.133+0000] {logging_mixin.py:190} INFO - [2026-09-20T23:37:22.133+0000] {dag.py:3239} INFO - Sync 1 DAGs
[2026-09-20T23:37:22.157+0000] {logging_mixin.py:190} INFO - [2026-09-20T23:37:22.156+0000] {dag.py:4180} INFO - Setting next_dagrun for weather_risk_pipeline to 2026-09-19 06:00:00+00:00, run_after=2026-09-20 06:00:00+00:00
[2026-09-20T23:37:22.171+0000] {processor.py:208} INFO - Processing /opt/airflow/dags/weather_pipeline_dag.py took 0.128 seconds
[2026-09-20T23:37:52.288+0000] {processor.py:186} INFO - Started process (PID=342) to work on /opt/airflow/dags/weather_pipeline_dag.py
[2026-09-20T23:37:52.289+0000] {processor.py:914} INFO - Processing file /opt/airflow/dags/weather_pipeline_dag.py for tasks to queue
[2026-09-20T23:37:52.292+0000] {logging_mixin.py:190} INFO - [2026-09-20T23:37:52.291+0000] {dagbag.py:588} INFO - Filling up the DagBag from /opt/airflow/dags/weather_pipeline_dag.py
[2026-09-20T23:37:52.312+0000] {processor.py:925} INFO - DAG(s) 'weather_risk_pipeline' retrieved from /opt/airflow/dags/weather_pipeline_dag.py
[2026-09-20T23:37:52.364+0000] {logging_mixin.py:190} INFO - [2026-09-20T23:37:52.364+0000] {dag.py:3239} INFO - Sync 1 DAGs
[2026-09-20T23:37:52.398+0000] {logging_mixin.py:190} INFO - [2026-09-20T23:37:52.398+0000] {dag.py:4180} INFO - Setting next_dagrun for weather_risk_pipeline to 2026-09-19 06:00:00+00:00, run_after=2026-09-20 06:00:00+00:00
[2026-09-20T23:37:52.430+0000] {processor.py:208} INFO - Processing /opt/airflow/dags/weather_pipeline_dag.py took 0.152 seconds
[2026-09-20T23:38:22.616+0000] {processor.py:186} INFO - Started process (PID=347) to work on /opt/airflow/dags/weather_pipeline_dag.py
[2026-09-20T23:38:22.625+0000] {processor.py:914} INFO - Processing file /opt/airflow/dags/weather_pipeline_dag.py for tasks to queue
[2026-09-20T23:38:22.628+0000] {logging_mixin.py:190} INFO - [2026-09-20T23:38:22.628+0000] {dagbag.py:588} INFO - Filling up the DagBag from /opt/airflow/dags/weather_pipeline_dag.py
[2026-09-20T23:38:22.645+0000] {processor.py:925} INFO - DAG(s) 'weather_risk_pipeline' retrieved from /opt/airflow/dags/weather_pipeline_dag.py
[2026-09-20T23:38:22.694+0000] {logging_mixin.py:190} INFO - [2026-09-20T23:38:22.694+0000] {dag.py:3239} INFO - Sync 1 DAGs
[2026-09-20T23:38:22.731+0000] {logging_mixin.py:190} INFO - [2026-09-20T23:38:22.731+0000] {dag.py:4180} INFO - Setting next_dagrun for weather_risk_pipeline to 2026-09-19 06:00:00+00:00, run_after=2026-09-20 06:00:00+00:00
[2026-09-20T23:38:22.764+0000] {processor.py:208} INFO - Processing /opt/airflow/dags/weather_pipeline_dag.py took 0.158 seconds
[2026-09-20T23:38:52.851+0000] {processor.py:186} INFO - Started process (PID=352) to work on /opt/airflow/dags/weather_pipeline_dag.py
[2026-09-20T23:38:52.852+0000] {processor.py:914} INFO - Processing file /opt/airflow/dags/weather_pipeline_dag.py for tasks to queue
[2026-09-20T23:38:52.855+0000] {logging_mixin.py:190} INFO - [2026-09-20T23:38:52.855+0000] {dagbag.py:588} INFO - Filling up the DagBag from /opt/airflow/dags/weather_pipeline_dag.py
[2026-09-20T23:38:52.868+0000] {processor.py:925} INFO - DAG(s) 'weather_risk_pipeline' retrieved from /opt/airflow/dags/weather_pipeline_dag.py
[2026-09-20T23:38:52.891+0000] {logging_mixin.py:190} INFO - [2026-09-20T23:38:52.891+0000] {dag.py:3239} INFO - Sync 1 DAGs
[2026-09-20T23:38:52.910+0000] {logging_mixin.py:190} INFO - [2026-09-20T23:38:52.910+0000] {dag.py:4180} INFO - Setting next_dagrun for weather_risk_pipeline to 2026-09-19 06:00:00+00:00, run_after=2026-09-20 06:00:00+00:00
[2026-09-20T23:38:52.925+0000] {processor.py:208} INFO - Processing /opt/airflow/dags/weather_pipeline_dag.py took 0.089 seconds
[2026-09-20T23:39:23.048+0000] {processor.py:186} INFO - Started process (PID=357) to work on /opt/airflow/dags/weather_pipeline_dag.py
[2026-09-20T23:39:23.049+0000] {processor.py:914} INFO - Processing file /opt/airflow/dags/weather_pipeline_dag.py for tasks to queue
[2026-09-20T23:39:23.052+0000] {logging_mixin.py:190} INFO - [2026-09-20T23:39:23.052+0000] {dagbag.py:588} INFO - Filling up the DagBag from /opt/airflow/dags/weather_pipeline_dag.py
[2026-09-20T23:39:23.071+0000] {processor.py:925} INFO - DAG(s) 'weather_risk_pipeline' retrieved from /opt/airflow/dags/weather_pipeline_dag.py
[2026-09-20T23:39:23.123+0000] {logging_mixin.py:190} INFO - [2026-09-20T23:39:23.122+0000] {dag.py:3239} INFO - Sync 1 DAGs
[2026-09-20T23:39:23.161+0000] {logging_mixin.py:190} INFO - [2026-09-20T23:39:23.161+0000] {dag.py:4180} INFO - Setting next_dagrun for weather_risk_pipeline to 2026-09-19 06:00:00+00:00, run_after=2026-09-20 06:00:00+00:00
[2026-09-20T23:39:23.196+0000] {processor.py:208} INFO - Processing /opt/airflow/dags/weather_pipeline_dag.py took 0.157 seconds
[2026-09-20T23:39:53.326+0000] {processor.py:186} INFO - Started process (PID=362) to work on /opt/airflow/dags/weather_pipeline_dag.py
[2026-09-20T23:39:53.327+0000] {processor.py:914} INFO - Processing file /opt/airflow/dags/weather_pipeline_dag.py for tasks to queue
[2026-09-20T23:39:53.330+0000] {logging_mixin.py:190} INFO - [2026-09-20T23:39:53.330+0000] {dagbag.py:588} INFO - Filling up the DagBag from /opt/airflow/dags/weather_pipeline_dag.py
[2026-09-20T23:39:53.350+0000] {processor.py:925} INFO - DAG(s) 'weather_risk_pipeline' retrieved from /opt/airflow/dags/weather_pipeline_dag.py
[2026-09-20T23:39:53.403+0000] {logging_mixin.py:190} INFO - [2026-09-20T23:39:53.402+0000] {dag.py:3239} INFO - Sync 1 DAGs
[2026-09-20T23:39:53.442+0000] {logging_mixin.py:190} INFO - [2026-09-20T23:39:53.442+0000] {dag.py:4180} INFO - Setting next_dagrun for weather_risk_pipeline to 2026-09-19 06:00:00+00:00, run_after=2026-09-20 06:00:00+00:00
[2026-09-20T23:39:53.486+0000] {processor.py:208} INFO - Processing /opt/airflow/dags/weather_pipeline_dag.py took 0.170 seconds
[2026-09-20T23:40:23.614+0000] {processor.py:186} INFO - Started process (PID=367) to work on /opt/airflow/dags/weather_pipeline_dag.py
[2026-09-20T23:40:23.616+0000] {processor.py:914} INFO - Processing file /opt/airflow/dags/weather_pipeline_dag.py for tasks to queue
[2026-09-20T23:40:23.620+0000] {logging_mixin.py:190} INFO - [2026-09-20T23:40:23.619+0000] {dagbag.py:588} INFO - Filling up the DagBag from /opt/airflow/dags/weather_pipeline_dag.py
[2026-09-20T23:40:23.637+0000] {processor.py:925} INFO - DAG(s) 'weather_risk_pipeline' retrieved from /opt/airflow/dags/weather_pipeline_dag.py
[2026-09-20T23:40:23.665+0000] {logging_mixin.py:190} INFO - [2026-09-20T23:40:23.665+0000] {dag.py:3239} INFO - Sync 1 DAGs
[2026-09-20T23:40:23.686+0000] {logging_mixin.py:190} INFO - [2026-09-20T23:40:23.685+0000] {dag.py:4180} INFO - Setting next_dagrun for weather_risk_pipeline to 2026-09-19 06:00:00+00:00, run_after=2026-09-20 06:00:00+00:00
[2026-09-20T23:40:23.700+0000] {processor.py:208} INFO - Processing /opt/airflow/dags/weather_pipeline_dag.py took 0.096 seconds
[2026-09-20T23:40:53.878+0000] {processor.py:186} INFO - Started process (PID=372) to work on /opt/airflow/dags/weather_pipeline_dag.py
[2026-09-20T23:40:53.879+0000] {processor.py:914} INFO - Processing file /opt/airflow/dags/weather_pipeline_dag.py for tasks to queue
[2026-09-20T23:40:53.882+0000] {logging_mixin.py:190} INFO - [2026-09-20T23:40:53.881+0000] {dagbag.py:588} INFO - Filling up the DagBag from /opt/airflow/dags/weather_pipeline_dag.py
[2026-09-20T23:40:53.894+0000] {processor.py:925} INFO - DAG(s) 'weather_risk_pipeline' retrieved from /opt/airflow/dags/weather_pipeline_dag.py
[2026-09-20T23:40:53.938+0000] {logging_mixin.py:190} INFO - [2026-09-20T23:40:53.938+0000] {dag.py:3239} INFO - Sync 1 DAGs
[2026-09-20T23:40:53.960+0000] {logging_mixin.py:190} INFO - [2026-09-20T23:40:53.960+0000] {dag.py:4180} INFO - Setting next_dagrun for weather_risk_pipeline to 2026-09-19 06:00:00+00:00, run_after=2026-09-20 06:00:00+00:00
[2026-09-20T23:40:53.973+0000] {processor.py:208} INFO - Processing /opt/airflow/dags/weather_pipeline_dag.py took 0.104 seconds
[2026-09-20T23:41:24.101+0000] {processor.py:186} INFO - Started process (PID=377) to work on /opt/airflow/dags/weather_pipeline_dag.py
[2026-09-20T23:41:24.102+0000] {processor.py:914} INFO - Processing file /opt/airflow/dags/weather_pipeline_dag.py for tasks to queue
[2026-09-20T23:41:24.105+0000] {logging_mixin.py:190} INFO - [2026-09-20T23:41:24.105+0000] {dagbag.py:588} INFO - Filling up the DagBag from /opt/airflow/dags/weather_pipeline_dag.py
[2026-09-20T23:41:24.123+0000] {processor.py:925} INFO - DAG(s) 'weather_risk_pipeline' retrieved from /opt/airflow/dags/weather_pipeline_dag.py
[2026-09-20T23:41:24.176+0000] {logging_mixin.py:190} INFO - [2026-09-20T23:41:24.175+0000] {dag.py:3239} INFO - Sync 1 DAGs
[2026-09-20T23:41:24.217+0000] {logging_mixin.py:190} INFO - [2026-09-20T23:41:24.217+0000] {dag.py:4180} INFO - Setting next_dagrun for weather_risk_pipeline to 2026-09-19 06:00:00+00:00, run_after=2026-09-20 06:00:00+00:00
[2026-09-20T23:41:24.255+0000] {processor.py:208} INFO - Processing /opt/airflow/dags/weather_pipeline_dag.py took 0.164 seconds
[2026-09-20T23:41:54.396+0000] {processor.py:186} INFO - Started process (PID=382) to work on /opt/airflow/dags/weather_pipeline_dag.py
[2026-09-20T23:41:54.405+0000] {processor.py:914} INFO - Processing file /opt/airflow/dags/weather_pipeline_dag.py for tasks to queue
[2026-09-20T23:41:54.408+0000] {logging_mixin.py:190} INFO - [2026-09-20T23:41:54.408+0000] {dagbag.py:588} INFO - Filling up the DagBag from /opt/airflow/dags/weather_pipeline_dag.py
[2026-09-20T23:41:54.427+0000] {processor.py:925} INFO - DAG(s) 'weather_risk_pipeline' retrieved from /opt/airflow/dags/weather_pipeline_dag.py
[2026-09-20T23:41:54.481+0000] {logging_mixin.py:190} INFO - [2026-09-20T23:41:54.480+0000] {dag.py:3239} INFO - Sync 1 DAGs
[2026-09-20T23:41:54.520+0000] {logging_mixin.py:190} INFO - [2026-09-20T23:41:54.520+0000] {dag.py:4180} INFO - Setting next_dagrun for weather_risk_pipeline to 2026-09-19 06:00:00+00:00, run_after=2026-09-20 06:00:00+00:00
[2026-09-20T23:41:54.553+0000] {processor.py:208} INFO - Processing /opt/airflow/dags/weather_pipeline_dag.py took 0.168 seconds
[2026-09-20T23:42:24.696+0000] {processor.py:186} INFO - Started process (PID=387) to work on /opt/airflow/dags/weather_pipeline_dag.py
[2026-09-20T23:42:24.697+0000] {processor.py:914} INFO - Processing file /opt/airflow/dags/weather_pipeline_dag.py for tasks to queue
[2026-09-20T23:42:24.700+0000] {logging_mixin.py:190} INFO - [2026-09-20T23:42:24.700+0000] {dagbag.py:588} INFO - Filling up the DagBag from /opt/airflow/dags/weather_pipeline_dag.py
[2026-09-20T23:42:24.719+0000] {processor.py:925} INFO - DAG(s) 'weather_risk_pipeline' retrieved from /opt/airflow/dags/weather_pipeline_dag.py
[2026-09-20T23:42:24.763+0000] {logging_mixin.py:190} INFO - [2026-09-20T23:42:24.763+0000] {dag.py:3239} INFO - Sync 1 DAGs
[2026-09-20T23:42:24.783+0000] {logging_mixin.py:190} INFO - [2026-09-20T23:42:24.783+0000] {dag.py:4180} INFO - Setting next_dagrun for weather_risk_pipeline to 2026-09-19 06:00:00+00:00, run_after=2026-09-20 06:00:00+00:00
[2026-09-20T23:42:24.798+0000] {processor.py:208} INFO - Processing /opt/airflow/dags/weather_pipeline_dag.py took 0.113 seconds
[2026-09-20T23:42:54.975+0000] {processor.py:186} INFO - Started process (PID=392) to work on /opt/airflow/dags/weather_pipeline_dag.py
[2026-09-20T23:42:54.984+0000] {processor.py:914} INFO - Processing file /opt/airflow/dags/weather_pipeline_dag.py for tasks to queue
[2026-09-20T23:42:54.986+0000] {logging_mixin.py:190} INFO - [2026-09-20T23:42:54.986+0000] {dagbag.py:588} INFO - Filling up the DagBag from /opt/airflow/dags/weather_pipeline_dag.py
[2026-09-20T23:42:54.997+0000] {processor.py:925} INFO - DAG(s) 'weather_risk_pipeline' retrieved from /opt/airflow/dags/weather_pipeline_dag.py
[2026-09-20T23:42:55.034+0000] {logging_mixin.py:190} INFO - [2026-09-20T23:42:55.034+0000] {dag.py:3239} INFO - Sync 1 DAGs
[2026-09-20T23:42:55.056+0000] {logging_mixin.py:190} INFO - [2026-09-20T23:42:55.055+0000] {dag.py:4180} INFO - Setting next_dagrun for weather_risk_pipeline to 2026-09-19 06:00:00+00:00, run_after=2026-09-20 06:00:00+00:00
[2026-09-20T23:42:55.070+0000] {processor.py:208} INFO - Processing /opt/airflow/dags/weather_pipeline_dag.py took 0.103 seconds
[2026-09-20T23:43:25.222+0000] {processor.py:186} INFO - Started process (PID=397) to work on /opt/airflow/dags/weather_pipeline_dag.py
[2026-09-20T23:43:25.223+0000] {processor.py:914} INFO - Processing file /opt/airflow/dags/weather_pipeline_dag.py for tasks to queue
[2026-09-20T23:43:25.226+0000] {logging_mixin.py:190} INFO - [2026-09-20T23:43:25.226+0000] {dagbag.py:588} INFO - Filling up the DagBag from /opt/airflow/dags/weather_pipeline_dag.py
[2026-09-20T23:43:25.245+0000] {processor.py:925} INFO - DAG(s) 'weather_risk_pipeline' retrieved from /opt/airflow/dags/weather_pipeline_dag.py
[2026-09-20T23:43:25.296+0000] {logging_mixin.py:190} INFO - [2026-09-20T23:43:25.296+0000] {dag.py:3239} INFO - Sync 1 DAGs
[2026-09-20T23:43:25.326+0000] {logging_mixin.py:190} INFO - [2026-09-20T23:43:25.326+0000] {dag.py:4180} INFO - Setting next_dagrun for weather_risk_pipeline to 2026-09-19 06:00:00+00:00, run_after=2026-09-20 06:00:00+00:00
[2026-09-20T23:43:25.356+0000] {processor.py:208} INFO - Processing /opt/airflow/dags/weather_pipeline_dag.py took 0.144 seconds
[2026-09-20T23:43:55.500+0000] {processor.py:186} INFO - Started process (PID=402) to work on /opt/airflow/dags/weather_pipeline_dag.py
[2026-09-20T23:43:55.509+0000] {processor.py:914} INFO - Processing file /opt/airflow/dags/weather_pipeline_dag.py for tasks to queue
[2026-09-20T23:43:55.512+0000] {logging_mixin.py:190} INFO - [2026-09-20T23:43:55.512+0000] {dagbag.py:588} INFO - Filling up the DagBag from /opt/airflow/dags/weather_pipeline_dag.py
[2026-09-20T23:43:55.532+0000] {processor.py:925} INFO - DAG(s) 'weather_risk_pipeline' retrieved from /opt/airflow/dags/weather_pipeline_dag.py
[2026-09-20T23:43:55.584+0000] {logging_mixin.py:190} INFO - [2026-09-20T23:43:55.584+0000] {dag.py:3239} INFO - Sync 1 DAGs
[2026-09-20T23:43:55.607+0000] {logging_mixin.py:190} INFO - [2026-09-20T23:43:55.607+0000] {dag.py:4180} INFO - Setting next_dagrun for weather_risk_pipeline to 2026-09-19 06:00:00+00:00, run_after=2026-09-20 06:00:00+00:00
[2026-09-20T23:43:55.634+0000] {processor.py:208} INFO - Processing /opt/airflow/dags/weather_pipeline_dag.py took 0.146 seconds
[2026-09-20T23:44:25.801+0000] {processor.py:186} INFO - Started process (PID=407) to work on /opt/airflow/dags/weather_pipeline_dag.py
[2026-09-20T23:44:25.801+0000] {processor.py:914} INFO - Processing file /opt/airflow/dags/weather_pipeline_dag.py for tasks to queue
[2026-09-20T23:44:25.805+0000] {logging_mixin.py:190} INFO - [2026-09-20T23:44:25.804+0000] {dagbag.py:588} INFO - Filling up the DagBag from /opt/airflow/dags/weather_pipeline_dag.py
[2026-09-20T23:44:25.822+0000] {processor.py:925} INFO - DAG(s) 'weather_risk_pipeline' retrieved from /opt/airflow/dags/weather_pipeline_dag.py
[2026-09-20T23:44:25.875+0000] {logging_mixin.py:190} INFO - [2026-09-20T23:44:25.875+0000] {dag.py:3239} INFO - Sync 1 DAGs
[2026-09-20T23:44:25.913+0000] {logging_mixin.py:190} INFO - [2026-09-20T23:44:25.913+0000] {dag.py:4180} INFO - Setting next_dagrun for weather_risk_pipeline to 2026-09-19 06:00:00+00:00, run_after=2026-09-20 06:00:00+00:00
[2026-09-20T23:44:25.946+0000] {processor.py:208} INFO - Processing /opt/airflow/dags/weather_pipeline_dag.py took 0.156 seconds
[2026-09-20T23:44:56.074+0000] {processor.py:186} INFO - Started process (PID=412) to work on /opt/airflow/dags/weather_pipeline_dag.py
[2026-09-20T23:44:56.084+0000] {processor.py:914} INFO - Processing file /opt/airflow/dags/weather_pipeline_dag.py for tasks to queue
[2026-09-20T23:44:56.087+0000] {logging_mixin.py:190} INFO - [2026-09-20T23:44:56.086+0000] {dagbag.py:588} INFO - Filling up the DagBag from /opt/airflow/dags/weather_pipeline_dag.py
[2026-09-20T23:44:56.105+0000] {processor.py:925} INFO - DAG(s) 'weather_risk_pipeline' retrieved from /opt/airflow/dags/weather_pipeline_dag.py
[2026-09-20T23:44:56.160+0000] {logging_mixin.py:190} INFO - [2026-09-20T23:44:56.160+0000] {dag.py:3239} INFO - Sync 1 DAGs
[2026-09-20T23:44:56.198+0000] {logging_mixin.py:190} INFO - [2026-09-20T23:44:56.198+0000] {dag.py:4180} INFO - Setting next_dagrun for weather_risk_pipeline to 2026-09-19 06:00:00+00:00, run_after=2026-09-20 06:00:00+00:00
[2026-09-20T23:44:56.224+0000] {processor.py:208} INFO - Processing /opt/airflow/dags/weather_pipeline_dag.py took 0.160 seconds
[2026-09-20T23:45:26.377+0000] {processor.py:186} INFO - Started process (PID=417) to work on /opt/airflow/dags/weather_pipeline_dag.py
[2026-09-20T23:45:26.378+0000] {processor.py:914} INFO - Processing file /opt/airflow/dags/weather_pipeline_dag.py for tasks to queue
[2026-09-20T23:45:26.381+0000] {logging_mixin.py:190} INFO - [2026-09-20T23:45:26.380+0000] {dagbag.py:588} INFO - Filling up the DagBag from /opt/airflow/dags/weather_pipeline_dag.py
[2026-09-20T23:45:26.398+0000] {processor.py:925} INFO - DAG(s) 'weather_risk_pipeline' retrieved from /opt/airflow/dags/weather_pipeline_dag.py
[2026-09-20T23:45:26.448+0000] {logging_mixin.py:190} INFO - [2026-09-20T23:45:26.448+0000] {dag.py:3239} INFO - Sync 1 DAGs
[2026-09-20T23:45:26.486+0000] {logging_mixin.py:190} INFO - [2026-09-20T23:45:26.486+0000] {dag.py:4180} INFO - Setting next_dagrun for weather_risk_pipeline to 2026-09-19 06:00:00+00:00, run_after=2026-09-20 06:00:00+00:00
[2026-09-20T23:45:26.518+0000] {processor.py:208} INFO - Processing /opt/airflow/dags/weather_pipeline_dag.py took 0.151 seconds
[2026-09-20T23:45:56.637+0000] {processor.py:186} INFO - Started process (PID=422) to work on /opt/airflow/dags/weather_pipeline_dag.py
[2026-09-20T23:45:56.638+0000] {processor.py:914} INFO - Processing file /opt/airflow/dags/weather_pipeline_dag.py for tasks to queue
[2026-09-20T23:45:56.642+0000] {logging_mixin.py:190} INFO - [2026-09-20T23:45:56.641+0000] {dagbag.py:588} INFO - Filling up the DagBag from /opt/airflow/dags/weather_pipeline_dag.py
[2026-09-20T23:45:56.660+0000] {processor.py:925} INFO - DAG(s) 'weather_risk_pipeline' retrieved from /opt/airflow/dags/weather_pipeline_dag.py
[2026-09-20T23:45:56.711+0000] {logging_mixin.py:190} INFO - [2026-09-20T23:45:56.710+0000] {dag.py:3239} INFO - Sync 1 DAGs
[2026-09-20T23:45:56.746+0000] {logging_mixin.py:190} INFO - [2026-09-20T23:45:56.745+0000] {dag.py:4180} INFO - Setting next_dagrun for weather_risk_pipeline to 2026-09-19 06:00:00+00:00, run_after=2026-09-20 06:00:00+00:00
[2026-09-20T23:45:56.773+0000] {processor.py:208} INFO - Processing /opt/airflow/dags/weather_pipeline_dag.py took 0.146 seconds
[2026-09-20T23:46:26.942+0000] {processor.py:186} INFO - Started process (PID=427) to work on /opt/airflow/dags/weather_pipeline_dag.py
[2026-09-20T23:46:26.943+0000] {processor.py:914} INFO - Processing file /opt/airflow/dags/weather_pipeline_dag.py for tasks to queue
[2026-09-20T23:46:26.946+0000] {logging_mixin.py:190} INFO - [2026-09-20T23:46:26.946+0000] {dagbag.py:588} INFO - Filling up the DagBag from /opt/airflow/dags/weather_pipeline_dag.py
[2026-09-20T23:46:26.966+0000] {processor.py:925} INFO - DAG(s) 'weather_risk_pipeline' retrieved from /opt/airflow/dags/weather_pipeline_dag.py
[2026-09-20T23:46:27.020+0000] {logging_mixin.py:190} INFO - [2026-09-20T23:46:27.020+0000] {dag.py:3239} INFO - Sync 1 DAGs
[2026-09-20T23:46:27.053+0000] {logging_mixin.py:190} INFO - [2026-09-20T23:46:27.052+0000] {dag.py:4180} INFO - Setting next_dagrun for weather_risk_pipeline to 2026-09-19 06:00:00+00:00, run_after=2026-09-20 06:00:00+00:00
[2026-09-20T23:46:27.068+0000] {processor.py:208} INFO - Processing /opt/airflow/dags/weather_pipeline_dag.py took 0.137 seconds
[2026-09-20T23:46:57.190+0000] {processor.py:186} INFO - Started process (PID=432) to work on /opt/airflow/dags/weather_pipeline_dag.py
[2026-09-20T23:46:57.191+0000] {processor.py:914} INFO - Processing file /opt/airflow/dags/weather_pipeline_dag.py for tasks to queue
[2026-09-20T23:46:57.195+0000] {logging_mixin.py:190} INFO - [2026-09-20T23:46:57.194+0000] {dagbag.py:588} INFO - Filling up the DagBag from /opt/airflow/dags/weather_pipeline_dag.py
[2026-09-20T23:46:57.213+0000] {processor.py:925} INFO - DAG(s) 'weather_risk_pipeline' retrieved from /opt/airflow/dags/weather_pipeline_dag.py
[2026-09-20T23:46:57.262+0000] {logging_mixin.py:190} INFO - [2026-09-20T23:46:57.262+0000] {dag.py:3239} INFO - Sync 1 DAGs
[2026-09-20T23:46:57.285+0000] {logging_mixin.py:190} INFO - [2026-09-20T23:46:57.285+0000] {dag.py:4180} INFO - Setting next_dagrun for weather_risk_pipeline to 2026-09-19 06:00:00+00:00, run_after=2026-09-20 06:00:00+00:00
[2026-09-20T23:46:57.299+0000] {processor.py:208} INFO - Processing /opt/airflow/dags/weather_pipeline_dag.py took 0.120 seconds
[2026-09-20T23:47:27.501+0000] {processor.py:186} INFO - Started process (PID=437) to work on /opt/airflow/dags/weather_pipeline_dag.py
[2026-09-20T23:47:27.502+0000] {processor.py:914} INFO - Processing file /opt/airflow/dags/weather_pipeline_dag.py for tasks to queue
[2026-09-20T23:47:27.506+0000] {logging_mixin.py:190} INFO - [2026-09-20T23:47:27.505+0000] {dagbag.py:588} INFO - Filling up the DagBag from /opt/airflow/dags/weather_pipeline_dag.py
[2026-09-20T23:47:27.525+0000] {processor.py:925} INFO - DAG(s) 'weather_risk_pipeline' retrieved from /opt/airflow/dags/weather_pipeline_dag.py
[2026-09-20T23:47:27.574+0000] {logging_mixin.py:190} INFO - [2026-09-20T23:47:27.574+0000] {dag.py:3239} INFO - Sync 1 DAGs
[2026-09-20T23:47:27.594+0000] {logging_mixin.py:190} INFO - [2026-09-20T23:47:27.594+0000] {dag.py:4180} INFO - Setting next_dagrun for weather_risk_pipeline to 2026-09-19 06:00:00+00:00, run_after=2026-09-20 06:00:00+00:00
[2026-09-20T23:47:27.618+0000] {processor.py:208} INFO - Processing /opt/airflow/dags/weather_pipeline_dag.py took 0.128 seconds
[2026-09-20T23:47:57.734+0000] {processor.py:186} INFO - Started process (PID=442) to work on /opt/airflow/dags/weather_pipeline_dag.py
[2026-09-20T23:47:57.744+0000] {processor.py:914} INFO - Processing file /opt/airflow/dags/weather_pipeline_dag.py for tasks to queue
[2026-09-20T23:47:57.747+0000] {logging_mixin.py:190} INFO - [2026-09-20T23:47:57.747+0000] {dagbag.py:588} INFO - Filling up the DagBag from /opt/airflow/dags/weather_pipeline_dag.py
[2026-09-20T23:47:57.766+0000] {processor.py:925} INFO - DAG(s) 'weather_risk_pipeline' retrieved from /opt/airflow/dags/weather_pipeline_dag.py
[2026-09-20T23:47:57.818+0000] {logging_mixin.py:190} INFO - [2026-09-20T23:47:57.818+0000] {dag.py:3239} INFO - Sync 1 DAGs
[2026-09-20T23:47:57.840+0000] {logging_mixin.py:190} INFO - [2026-09-20T23:47:57.840+0000] {dag.py:4180} INFO - Setting next_dagrun for weather_risk_pipeline to 2026-09-19 06:00:00+00:00, run_after=2026-09-20 06:00:00+00:00
[2026-09-20T23:47:57.864+0000] {processor.py:208} INFO - Processing /opt/airflow/dags/weather_pipeline_dag.py took 0.140 seconds
[2026-09-20T23:48:28.061+0000] {processor.py:186} INFO - Started process (PID=447) to work on /opt/airflow/dags/weather_pipeline_dag.py
[2026-09-20T23:48:28.062+0000] {processor.py:914} INFO - Processing file /opt/airflow/dags/weather_pipeline_dag.py for tasks to queue
[2026-09-20T23:48:28.065+0000] {logging_mixin.py:190} INFO - [2026-09-20T23:48:28.065+0000] {dagbag.py:588} INFO - Filling up the DagBag from /opt/airflow/dags/weather_pipeline_dag.py
[2026-09-20T23:48:28.087+0000] {processor.py:925} INFO - DAG(s) 'weather_risk_pipeline' retrieved from /opt/airflow/dags/weather_pipeline_dag.py
[2026-09-20T23:48:28.137+0000] {logging_mixin.py:190} INFO - [2026-09-20T23:48:28.137+0000] {dag.py:3239} INFO - Sync 1 DAGs
[2026-09-20T23:48:28.162+0000] {logging_mixin.py:190} INFO - [2026-09-20T23:48:28.161+0000] {dag.py:4180} INFO - Setting next_dagrun for weather_risk_pipeline to 2026-09-19 06:00:00+00:00, run_after=2026-09-20 06:00:00+00:00
[2026-09-20T23:48:28.187+0000] {processor.py:208} INFO - Processing /opt/airflow/dags/weather_pipeline_dag.py took 0.136 seconds
[2026-09-20T23:48:58.321+0000] {processor.py:186} INFO - Started process (PID=452) to work on /opt/airflow/dags/weather_pipeline_dag.py
[2026-09-20T23:48:58.330+0000] {processor.py:914} INFO - Processing file /opt/airflow/dags/weather_pipeline_dag.py for tasks to queue
[2026-09-20T23:48:58.334+0000] {logging_mixin.py:190} INFO - [2026-09-20T23:48:58.333+0000] {dagbag.py:588} INFO - Filling up the DagBag from /opt/airflow/dags/weather_pipeline_dag.py
[2026-09-20T23:48:58.354+0000] {processor.py:925} INFO - DAG(s) 'weather_risk_pipeline' retrieved from /opt/airflow/dags/weather_pipeline_dag.py
[2026-09-20T23:48:58.404+0000] {logging_mixin.py:190} INFO - [2026-09-20T23:48:58.403+0000] {dag.py:3239} INFO - Sync 1 DAGs
[2026-09-20T23:48:58.429+0000] {logging_mixin.py:190} INFO - [2026-09-20T23:48:58.429+0000] {dag.py:4180} INFO - Setting next_dagrun for weather_risk_pipeline to 2026-09-19 06:00:00+00:00, run_after=2026-09-20 06:00:00+00:00
[2026-09-20T23:48:58.455+0000] {processor.py:208} INFO - Processing /opt/airflow/dags/weather_pipeline_dag.py took 0.144 seconds
[2026-09-20T23:49:28.630+0000] {processor.py:186} INFO - Started process (PID=457) to work on /opt/airflow/dags/weather_pipeline_dag.py
[2026-09-20T23:49:28.631+0000] {processor.py:914} INFO - Processing file /opt/airflow/dags/weather_pipeline_dag.py for tasks to queue
[2026-09-20T23:49:28.634+0000] {logging_mixin.py:190} INFO - [2026-09-20T23:49:28.634+0000] {dagbag.py:588} INFO - Filling up the DagBag from /opt/airflow/dags/weather_pipeline_dag.py
[2026-09-20T23:49:28.652+0000] {processor.py:925} INFO - DAG(s) 'weather_risk_pipeline' retrieved from /opt/airflow/dags/weather_pipeline_dag.py
[2026-09-20T23:49:28.700+0000] {logging_mixin.py:190} INFO - [2026-09-20T23:49:28.699+0000] {dag.py:3239} INFO - Sync 1 DAGs
[2026-09-20T23:49:28.720+0000] {logging_mixin.py:190} INFO - [2026-09-20T23:49:28.720+0000] {dag.py:4180} INFO - Setting next_dagrun for weather_risk_pipeline to 2026-09-19 06:00:00+00:00, run_after=2026-09-20 06:00:00+00:00
[2026-09-20T23:49:28.734+0000] {processor.py:208} INFO - Processing /opt/airflow/dags/weather_pipeline_dag.py took 0.114 seconds
[2026-09-20T23:49:58.876+0000] {processor.py:186} INFO - Started process (PID=462) to work on /opt/airflow/dags/weather_pipeline_dag.py
[2026-09-20T23:49:58.885+0000] {processor.py:914} INFO - Processing file /opt/airflow/dags/weather_pipeline_dag.py for tasks to queue
[2026-09-20T23:49:58.886+0000] {logging_mixin.py:190} INFO - [2026-09-20T23:49:58.886+0000] {dagbag.py:588} INFO - Filling up the DagBag from /opt/airflow/dags/weather_pipeline_dag.py
[2026-09-20T23:49:58.896+0000] {processor.py:925} INFO - DAG(s) 'weather_risk_pipeline' retrieved from /opt/airflow/dags/weather_pipeline_dag.py
[2026-09-20T23:49:58.924+0000] {logging_mixin.py:190} INFO - [2026-09-20T23:49:58.924+0000] {dag.py:3239} INFO - Sync 1 DAGs
[2026-09-20T23:49:58.945+0000] {logging_mixin.py:190} INFO - [2026-09-20T23:49:58.945+0000] {dag.py:4180} INFO - Setting next_dagrun for weather_risk_pipeline to 2026-09-19 06:00:00+00:00, run_after=2026-09-20 06:00:00+00:00
[2026-09-20T23:49:58.959+0000] {processor.py:208} INFO - Processing /opt/airflow/dags/weather_pipeline_dag.py took 0.089 seconds
[2026-09-20T23:50:29.192+0000] {processor.py:186} INFO - Started process (PID=467) to work on /opt/airflow/dags/weather_pipeline_dag.py
[2026-09-20T23:50:29.193+0000] {processor.py:914} INFO - Processing file /opt/airflow/dags/weather_pipeline_dag.py for tasks to queue
[2026-09-20T23:50:29.197+0000] {logging_mixin.py:190} INFO - [2026-09-20T23:50:29.196+0000] {dagbag.py:588} INFO - Filling up the DagBag from /opt/airflow/dags/weather_pipeline_dag.py
[2026-09-20T23:50:29.214+0000] {processor.py:925} INFO - DAG(s) 'weather_risk_pipeline' retrieved from /opt/airflow/dags/weather_pipeline_dag.py
[2026-09-20T23:50:29.263+0000] {logging_mixin.py:190} INFO - [2026-09-20T23:50:29.263+0000] {dag.py:3239} INFO - Sync 1 DAGs
[2026-09-20T23:50:29.288+0000] {logging_mixin.py:190} INFO - [2026-09-20T23:50:29.288+0000] {dag.py:4180} INFO - Setting next_dagrun for weather_risk_pipeline to 2026-09-19 06:00:00+00:00, run_after=2026-09-20 06:00:00+00:00
[2026-09-20T23:50:29.313+0000] {processor.py:208} INFO - Processing /opt/airflow/dags/weather_pipeline_dag.py took 0.130 seconds
[2026-09-20T23:50:59.416+0000] {processor.py:186} INFO - Started process (PID=472) to work on /opt/airflow/dags/weather_pipeline_dag.py
[2026-09-20T23:50:59.425+0000] {processor.py:914} INFO - Processing file /opt/airflow/dags/weather_pipeline_dag.py for tasks to queue
[2026-09-20T23:50:59.429+0000] {logging_mixin.py:190} INFO - [2026-09-20T23:50:59.428+0000] {dagbag.py:588} INFO - Filling up the DagBag from /opt/airflow/dags/weather_pipeline_dag.py
[2026-09-20T23:50:59.448+0000] {processor.py:925} INFO - DAG(s) 'weather_risk_pipeline' retrieved from /opt/airflow/dags/weather_pipeline_dag.py
[2026-09-20T23:50:59.499+0000] {logging_mixin.py:190} INFO - [2026-09-20T23:50:59.499+0000] {dag.py:3239} INFO - Sync 1 DAGs
[2026-09-20T23:50:59.521+0000] {logging_mixin.py:190} INFO - [2026-09-20T23:50:59.521+0000] {dag.py:4180} INFO - Setting next_dagrun for weather_risk_pipeline to 2026-09-19 06:00:00+00:00, run_after=2026-09-20 06:00:00+00:00
[2026-09-20T23:50:59.548+0000] {processor.py:208} INFO - Processing /opt/airflow/dags/weather_pipeline_dag.py took 0.141 seconds
[2026-09-20T23:51:29.733+0000] {processor.py:186} INFO - Started process (PID=477) to work on /opt/airflow/dags/weather_pipeline_dag.py
[2026-09-20T23:51:29.734+0000] {processor.py:914} INFO - Processing file /opt/airflow/dags/weather_pipeline_dag.py for tasks to queue
[2026-09-20T23:51:29.738+0000] {logging_mixin.py:190} INFO - [2026-09-20T23:51:29.737+0000] {dagbag.py:588} INFO - Filling up the DagBag from /opt/airflow/dags/weather_pipeline_dag.py
[2026-09-20T23:51:29.756+0000] {processor.py:925} INFO - DAG(s) 'weather_risk_pipeline' retrieved from /opt/airflow/dags/weather_pipeline_dag.py
[2026-09-20T23:51:29.805+0000] {logging_mixin.py:190} INFO - [2026-09-20T23:51:29.805+0000] {dag.py:3239} INFO - Sync 1 DAGs
[2026-09-20T23:51:29.826+0000] {logging_mixin.py:190} INFO - [2026-09-20T23:51:29.825+0000] {dag.py:4180} INFO - Setting next_dagrun for weather_risk_pipeline to 2026-09-19 06:00:00+00:00, run_after=2026-09-20 06:00:00+00:00
[2026-09-20T23:51:29.850+0000] {processor.py:208} INFO - Processing /opt/airflow/dags/weather_pipeline_dag.py took 0.128 seconds
[2026-09-20T23:51:59.978+0000] {processor.py:186} INFO - Started process (PID=482) to work on /opt/airflow/dags/weather_pipeline_dag.py
[2026-09-20T23:51:59.980+0000] {processor.py:914} INFO - Processing file /opt/airflow/dags/weather_pipeline_dag.py for tasks to queue
[2026-09-20T23:51:59.983+0000] {logging_mixin.py:190} INFO - [2026-09-20T23:51:59.982+0000] {dagbag.py:588} INFO - Filling up the DagBag from /opt/airflow/dags/weather_pipeline_dag.py
[2026-09-20T23:52:00.003+0000] {processor.py:925} INFO - DAG(s) 'weather_risk_pipeline' retrieved from /opt/airflow/dags/weather_pipeline_dag.py
[2026-09-20T23:52:00.055+0000] {logging_mixin.py:190} INFO - [2026-09-20T23:52:00.054+0000] {dag.py:3239} INFO - Sync 1 DAGs
[2026-09-20T23:52:00.094+0000] {logging_mixin.py:190} INFO - [2026-09-20T23:52:00.093+0000] {dag.py:4180} INFO - Setting next_dagrun for weather_risk_pipeline to 2026-09-19 06:00:00+00:00, run_after=2026-09-20 06:00:00+00:00
[2026-09-20T23:52:00.128+0000] {processor.py:208} INFO - Processing /opt/airflow/dags/weather_pipeline_dag.py took 0.159 seconds
[2026-09-20T23:52:30.288+0000] {processor.py:186} INFO - Started process (PID=487) to work on /opt/airflow/dags/weather_pipeline_dag.py
[2026-09-20T23:52:30.289+0000] {processor.py:914} INFO - Processing file /opt/airflow/dags/weather_pipeline_dag.py for tasks to queue
[2026-09-20T23:52:30.292+0000] {logging_mixin.py:190} INFO - [2026-09-20T23:52:30.292+0000] {dagbag.py:588} INFO - Filling up the DagBag from /opt/airflow/dags/weather_pipeline_dag.py
[2026-09-20T23:52:30.310+0000] {processor.py:925} INFO - DAG(s) 'weather_risk_pipeline' retrieved from /opt/airflow/dags/weather_pipeline_dag.py
[2026-09-20T23:52:30.361+0000] {logging_mixin.py:190} INFO - [2026-09-20T23:52:30.361+0000] {dag.py:3239} INFO - Sync 1 DAGs
[2026-09-20T23:52:30.396+0000] {logging_mixin.py:190} INFO - [2026-09-20T23:52:30.395+0000] {dag.py:4180} INFO - Setting next_dagrun for weather_risk_pipeline to 2026-09-19 06:00:00+00:00, run_after=2026-09-20 06:00:00+00:00
[2026-09-20T23:52:30.426+0000] {processor.py:208} INFO - Processing /opt/airflow/dags/weather_pipeline_dag.py took 0.146 seconds
[2026-09-20T23:53:00.560+0000] {processor.py:186} INFO - Started process (PID=492) to work on /opt/airflow/dags/weather_pipeline_dag.py
[2026-09-20T23:53:00.569+0000] {processor.py:914} INFO - Processing file /opt/airflow/dags/weather_pipeline_dag.py for tasks to queue
[2026-09-20T23:53:00.573+0000] {logging_mixin.py:190} INFO - [2026-09-20T23:53:00.572+0000] {dagbag.py:588} INFO - Filling up the DagBag from /opt/airflow/dags/weather_pipeline_dag.py
[2026-09-20T23:53:00.591+0000] {processor.py:925} INFO - DAG(s) 'weather_risk_pipeline' retrieved from /opt/airflow/dags/weather_pipeline_dag.py
[2026-09-20T23:53:00.640+0000] {logging_mixin.py:190} INFO - [2026-09-20T23:53:00.640+0000] {dag.py:3239} INFO - Sync 1 DAGs
[2026-09-20T23:53:00.663+0000] {logging_mixin.py:190} INFO - [2026-09-20T23:53:00.663+0000] {dag.py:4180} INFO - Setting next_dagrun for weather_risk_pipeline to 2026-09-19 06:00:00+00:00, run_after=2026-09-20 06:00:00+00:00
[2026-09-20T23:53:00.678+0000] {processor.py:208} INFO - Processing /opt/airflow/dags/weather_pipeline_dag.py took 0.129 seconds
[2026-09-20T23:53:30.864+0000] {processor.py:186} INFO - Started process (PID=497) to work on /opt/airflow/dags/weather_pipeline_dag.py
[2026-09-20T23:53:30.865+0000] {processor.py:914} INFO - Processing file /opt/airflow/dags/weather_pipeline_dag.py for tasks to queue
[2026-09-20T23:53:30.868+0000] {logging_mixin.py:190} INFO - [2026-09-20T23:53:30.867+0000] {dagbag.py:588} INFO - Filling up the DagBag from /opt/airflow/dags/weather_pipeline_dag.py
[2026-09-20T23:53:30.886+0000] {processor.py:925} INFO - DAG(s) 'weather_risk_pipeline' retrieved from /opt/airflow/dags/weather_pipeline_dag.py
[2026-09-20T23:53:30.933+0000] {logging_mixin.py:190} INFO - [2026-09-20T23:53:30.933+0000] {dag.py:3239} INFO - Sync 1 DAGs
[2026-09-20T23:53:30.955+0000] {logging_mixin.py:190} INFO - [2026-09-20T23:53:30.955+0000] {dag.py:4180} INFO - Setting next_dagrun for weather_risk_pipeline to 2026-09-19 06:00:00+00:00, run_after=2026-09-20 06:00:00+00:00
[2026-09-20T23:53:30.970+0000] {processor.py:208} INFO - Processing /opt/airflow/dags/weather_pipeline_dag.py took 0.115 seconds
[2026-09-20T23:54:01.098+0000] {processor.py:186} INFO - Started process (PID=502) to work on /opt/airflow/dags/weather_pipeline_dag.py
[2026-09-20T23:54:01.107+0000] {processor.py:914} INFO - Processing file /opt/airflow/dags/weather_pipeline_dag.py for tasks to queue
[2026-09-20T23:54:01.111+0000] {logging_mixin.py:190} INFO - [2026-09-20T23:54:01.110+0000] {dagbag.py:588} INFO - Filling up the DagBag from /opt/airflow/dags/weather_pipeline_dag.py
[2026-09-20T23:54:01.130+0000] {processor.py:925} INFO - DAG(s) 'weather_risk_pipeline' retrieved from /opt/airflow/dags/weather_pipeline_dag.py
[2026-09-20T23:54:01.183+0000] {logging_mixin.py:190} INFO - [2026-09-20T23:54:01.182+0000] {dag.py:3239} INFO - Sync 1 DAGs
[2026-09-20T23:54:01.203+0000] {logging_mixin.py:190} INFO - [2026-09-20T23:54:01.203+0000] {dag.py:4180} INFO - Setting next_dagrun for weather_risk_pipeline to 2026-09-19 06:00:00+00:00, run_after=2026-09-20 06:00:00+00:00
[2026-09-20T23:54:01.241+0000] {processor.py:208} INFO - Processing /opt/airflow/dags/weather_pipeline_dag.py took 0.154 seconds
[2026-09-20T23:54:31.393+0000] {processor.py:186} INFO - Started process (PID=507) to work on /opt/airflow/dags/weather_pipeline_dag.py
[2026-09-20T23:54:31.394+0000] {processor.py:914} INFO - Processing file /opt/airflow/dags/weather_pipeline_dag.py for tasks to queue
[2026-09-20T23:54:31.397+0000] {logging_mixin.py:190} INFO - [2026-09-20T23:54:31.397+0000] {dagbag.py:588} INFO - Filling up the DagBag from /opt/airflow/dags/weather_pipeline_dag.py
[2026-09-20T23:54:31.416+0000] {processor.py:925} INFO - DAG(s) 'weather_risk_pipeline' retrieved from /opt/airflow/dags/weather_pipeline_dag.py
[2026-09-20T23:54:31.463+0000] {logging_mixin.py:190} INFO - [2026-09-20T23:54:31.463+0000] {dag.py:3239} INFO - Sync 1 DAGs
[2026-09-20T23:54:31.485+0000] {logging_mixin.py:190} INFO - [2026-09-20T23:54:31.484+0000] {dag.py:4180} INFO - Setting next_dagrun for weather_risk_pipeline to 2026-09-19 06:00:00+00:00, run_after=2026-09-20 06:00:00+00:00
[2026-09-20T23:54:31.498+0000] {processor.py:208} INFO - Processing /opt/airflow/dags/weather_pipeline_dag.py took 0.116 seconds
[2026-09-20T23:55:01.688+0000] {processor.py:186} INFO - Started process (PID=512) to work on /opt/airflow/dags/weather_pipeline_dag.py
[2026-09-20T23:55:01.697+0000] {processor.py:914} INFO - Processing file /opt/airflow/dags/weather_pipeline_dag.py for tasks to queue
[2026-09-20T23:55:01.701+0000] {logging_mixin.py:190} INFO - [2026-09-20T23:55:01.701+0000] {dagbag.py:588} INFO - Filling up the DagBag from /opt/airflow/dags/weather_pipeline_dag.py
[2026-09-20T23:55:01.720+0000] {processor.py:925} INFO - DAG(s) 'weather_risk_pipeline' retrieved from /opt/airflow/dags/weather_pipeline_dag.py
[2026-09-20T23:55:01.768+0000] {logging_mixin.py:190} INFO - [2026-09-20T23:55:01.768+0000] {dag.py:3239} INFO - Sync 1 DAGs
[2026-09-20T23:55:01.790+0000] {logging_mixin.py:190} INFO - [2026-09-20T23:55:01.790+0000] {dag.py:4180} INFO - Setting next_dagrun for weather_risk_pipeline to 2026-09-19 06:00:00+00:00, run_after=2026-09-20 06:00:00+00:00
[2026-09-20T23:55:01.804+0000] {processor.py:208} INFO - Processing /opt/airflow/dags/weather_pipeline_dag.py took 0.125 seconds
[2026-09-20T23:55:31.958+0000] {processor.py:186} INFO - Started process (PID=517) to work on /opt/airflow/dags/weather_pipeline_dag.py
[2026-09-20T23:55:31.959+0000] {processor.py:914} INFO - Processing file /opt/airflow/dags/weather_pipeline_dag.py for tasks to queue
[2026-09-20T23:55:31.962+0000] {logging_mixin.py:190} INFO - [2026-09-20T23:55:31.961+0000] {dagbag.py:588} INFO - Filling up the DagBag from /opt/airflow/dags/weather_pipeline_dag.py
[2026-09-20T23:55:31.980+0000] {processor.py:925} INFO - DAG(s) 'weather_risk_pipeline' retrieved from /opt/airflow/dags/weather_pipeline_dag.py
[2026-09-20T23:55:32.031+0000] {logging_mixin.py:190} INFO - [2026-09-20T23:55:32.030+0000] {dag.py:3239} INFO - Sync 1 DAGs
[2026-09-20T23:55:32.059+0000] {logging_mixin.py:190} INFO - [2026-09-20T23:55:32.059+0000] {dag.py:4180} INFO - Setting next_dagrun for weather_risk_pipeline to 2026-09-19 06:00:00+00:00, run_after=2026-09-20 06:00:00+00:00
[2026-09-20T23:55:32.077+0000] {processor.py:208} INFO - Processing /opt/airflow/dags/weather_pipeline_dag.py took 0.130 seconds
[2026-09-20T23:56:02.232+0000] {processor.py:186} INFO - Started process (PID=522) to work on /opt/airflow/dags/weather_pipeline_dag.py
[2026-09-20T23:56:02.234+0000] {processor.py:914} INFO - Processing file /opt/airflow/dags/weather_pipeline_dag.py for tasks to queue
[2026-09-20T23:56:02.237+0000] {logging_mixin.py:190} INFO - [2026-09-20T23:56:02.236+0000] {dagbag.py:588} INFO - Filling up the DagBag from /opt/airflow/dags/weather_pipeline_dag.py
[2026-09-20T23:56:02.256+0000] {processor.py:925} INFO - DAG(s) 'weather_risk_pipeline' retrieved from /opt/airflow/dags/weather_pipeline_dag.py
[2026-09-20T23:56:02.303+0000] {logging_mixin.py:190} INFO - [2026-09-20T23:56:02.303+0000] {dag.py:3239} INFO - Sync 1 DAGs
[2026-09-20T23:56:02.325+0000] {logging_mixin.py:190} INFO - [2026-09-20T23:56:02.325+0000] {dag.py:4180} INFO - Setting next_dagrun for weather_risk_pipeline to 2026-09-19 06:00:00+00:00, run_after=2026-09-20 06:00:00+00:00
[2026-09-20T23:56:02.339+0000] {processor.py:208} INFO - Processing /opt/airflow/dags/weather_pipeline_dag.py took 0.117 seconds
[2026-09-20T23:56:32.506+0000] {processor.py:186} INFO - Started process (PID=527) to work on /opt/airflow/dags/weather_pipeline_dag.py
[2026-09-20T23:56:32.507+0000] {processor.py:914} INFO - Processing file /opt/airflow/dags/weather_pipeline_dag.py for tasks to queue
[2026-09-20T23:56:32.510+0000] {logging_mixin.py:190} INFO - [2026-09-20T23:56:32.510+0000] {dagbag.py:588} INFO - Filling up the DagBag from /opt/airflow/dags/weather_pipeline_dag.py
[2026-09-20T23:56:32.529+0000] {processor.py:925} INFO - DAG(s) 'weather_risk_pipeline' retrieved from /opt/airflow/dags/weather_pipeline_dag.py
[2026-09-20T23:56:32.576+0000] {logging_mixin.py:190} INFO - [2026-09-20T23:56:32.576+0000] {dag.py:3239} INFO - Sync 1 DAGs
[2026-09-20T23:56:32.597+0000] {logging_mixin.py:190} INFO - [2026-09-20T23:56:32.597+0000] {dag.py:4180} INFO - Setting next_dagrun for weather_risk_pipeline to 2026-09-19 06:00:00+00:00, run_after=2026-09-20 06:00:00+00:00
[2026-09-20T23:56:32.611+0000] {processor.py:208} INFO - Processing /opt/airflow/dags/weather_pipeline_dag.py took 0.116 seconds
[2026-09-20T23:57:02.780+0000] {processor.py:186} INFO - Started process (PID=532) to work on /opt/airflow/dags/weather_pipeline_dag.py
[2026-09-20T23:57:02.789+0000] {processor.py:914} INFO - Processing file /opt/airflow/dags/weather_pipeline_dag.py for tasks to queue
[2026-09-20T23:57:02.793+0000] {logging_mixin.py:190} INFO - [2026-09-20T23:57:02.792+0000] {dagbag.py:588} INFO - Filling up the DagBag from /opt/airflow/dags/weather_pipeline_dag.py
[2026-09-20T23:57:02.819+0000] {processor.py:925} INFO - DAG(s) 'weather_risk_pipeline' retrieved from /opt/airflow/dags/weather_pipeline_dag.py
[2026-09-20T23:57:02.854+0000] {logging_mixin.py:190} INFO - [2026-09-20T23:57:02.854+0000] {dag.py:3239} INFO - Sync 1 DAGs
[2026-09-20T23:57:02.873+0000] {logging_mixin.py:190} INFO - [2026-09-20T23:57:02.873+0000] {dag.py:4180} INFO - Setting next_dagrun for weather_risk_pipeline to 2026-09-19 06:00:00+00:00, run_after=2026-09-20 06:00:00+00:00
[2026-09-20T23:57:02.886+0000] {processor.py:208} INFO - Processing /opt/airflow/dags/weather_pipeline_dag.py took 0.119 seconds
[2026-09-20T23:57:33.060+0000] {processor.py:186} INFO - Started process (PID=537) to work on /opt/airflow/dags/weather_pipeline_dag.py
[2026-09-20T23:57:33.061+0000] {processor.py:914} INFO - Processing file /opt/airflow/dags/weather_pipeline_dag.py for tasks to queue
[2026-09-20T23:57:33.064+0000] {logging_mixin.py:190} INFO - [2026-09-20T23:57:33.064+0000] {dagbag.py:588} INFO - Filling up the DagBag from /opt/airflow/dags/weather_pipeline_dag.py
[2026-09-20T23:57:33.084+0000] {processor.py:925} INFO - DAG(s) 'weather_risk_pipeline' retrieved from /opt/airflow/dags/weather_pipeline_dag.py
[2026-09-20T23:57:33.135+0000] {logging_mixin.py:190} INFO - [2026-09-20T23:57:33.135+0000] {dag.py:3239} INFO - Sync 1 DAGs
[2026-09-20T23:57:33.161+0000] {logging_mixin.py:190} INFO - [2026-09-20T23:57:33.161+0000] {dag.py:4180} INFO - Setting next_dagrun for weather_risk_pipeline to 2026-09-19 06:00:00+00:00, run_after=2026-09-20 06:00:00+00:00
[2026-09-20T23:57:33.188+0000] {processor.py:208} INFO - Processing /opt/airflow/dags/weather_pipeline_dag.py took 0.138 seconds
[2026-09-20T23:58:03.322+0000] {processor.py:186} INFO - Started process (PID=542) to work on /opt/airflow/dags/weather_pipeline_dag.py
[2026-09-20T23:58:03.331+0000] {processor.py:914} INFO - Processing file /opt/airflow/dags/weather_pipeline_dag.py for tasks to queue
[2026-09-20T23:58:03.335+0000] {logging_mixin.py:190} INFO - [2026-09-20T23:58:03.335+0000] {dagbag.py:588} INFO - Filling up the DagBag from /opt/airflow/dags/weather_pipeline_dag.py
[2026-09-20T23:58:03.354+0000] {processor.py:925} INFO - DAG(s) 'weather_risk_pipeline' retrieved from /opt/airflow/dags/weather_pipeline_dag.py
[2026-09-20T23:58:03.406+0000] {logging_mixin.py:190} INFO - [2026-09-20T23:58:03.405+0000] {dag.py:3239} INFO - Sync 1 DAGs
[2026-09-20T23:58:03.430+0000] {logging_mixin.py:190} INFO - [2026-09-20T23:58:03.430+0000] {dag.py:4180} INFO - Setting next_dagrun for weather_risk_pipeline to 2026-09-19 06:00:00+00:00, run_after=2026-09-20 06:00:00+00:00
[2026-09-20T23:58:03.458+0000] {processor.py:208} INFO - Processing /opt/airflow/dags/weather_pipeline_dag.py took 0.146 seconds
[2026-09-20T23:58:33.620+0000] {processor.py:186} INFO - Started process (PID=547) to work on /opt/airflow/dags/weather_pipeline_dag.py
[2026-09-20T23:58:33.621+0000] {processor.py:914} INFO - Processing file /opt/airflow/dags/weather_pipeline_dag.py for tasks to queue
[2026-09-20T23:58:33.624+0000] {logging_mixin.py:190} INFO - [2026-09-20T23:58:33.623+0000] {dagbag.py:588} INFO - Filling up the DagBag from /opt/airflow/dags/weather_pipeline_dag.py
[2026-09-20T23:58:33.644+0000] {processor.py:925} INFO - DAG(s) 'weather_risk_pipeline' retrieved from /opt/airflow/dags/weather_pipeline_dag.py
[2026-09-20T23:58:33.693+0000] {logging_mixin.py:190} INFO - [2026-09-20T23:58:33.693+0000] {dag.py:3239} INFO - Sync 1 DAGs
[2026-09-20T23:58:33.713+0000] {logging_mixin.py:190} INFO - [2026-09-20T23:58:33.713+0000] {dag.py:4180} INFO - Setting next_dagrun for weather_risk_pipeline to 2026-09-19 06:00:00+00:00, run_after=2026-09-20 06:00:00+00:00
[2026-09-20T23:58:33.739+0000] {processor.py:208} INFO - Processing /opt/airflow/dags/weather_pipeline_dag.py took 0.129 seconds
[2026-09-20T23:59:03.889+0000] {processor.py:186} INFO - Started process (PID=552) to work on /opt/airflow/dags/weather_pipeline_dag.py
[2026-09-20T23:59:03.898+0000] {processor.py:914} INFO - Processing file /opt/airflow/dags/weather_pipeline_dag.py for tasks to queue
[2026-09-20T23:59:03.902+0000] {logging_mixin.py:190} INFO - [2026-09-20T23:59:03.901+0000] {dagbag.py:588} INFO - Filling up the DagBag from /opt/airflow/dags/weather_pipeline_dag.py
[2026-09-20T23:59:03.920+0000] {processor.py:925} INFO - DAG(s) 'weather_risk_pipeline' retrieved from /opt/airflow/dags/weather_pipeline_dag.py
[2026-09-20T23:59:03.975+0000] {logging_mixin.py:190} INFO - [2026-09-20T23:59:03.975+0000] {dag.py:3239} INFO - Sync 1 DAGs
[2026-09-20T23:59:04.014+0000] {logging_mixin.py:190} INFO - [2026-09-20T23:59:04.014+0000] {dag.py:4180} INFO - Setting next_dagrun for weather_risk_pipeline to 2026-09-19 06:00:00+00:00, run_after=2026-09-20 06:00:00+00:00
[2026-09-20T23:59:04.043+0000] {processor.py:208} INFO - Processing /opt/airflow/dags/weather_pipeline_dag.py took 0.164 seconds
[2026-09-20T23:59:34.168+0000] {processor.py:186} INFO - Started process (PID=557) to work on /opt/airflow/dags/weather_pipeline_dag.py
[2026-09-20T23:59:34.169+0000] {processor.py:914} INFO - Processing file /opt/airflow/dags/weather_pipeline_dag.py for tasks to queue
[2026-09-20T23:59:34.172+0000] {logging_mixin.py:190} INFO - [2026-09-20T23:59:34.172+0000] {dagbag.py:588} INFO - Filling up the DagBag from /opt/airflow/dags/weather_pipeline_dag.py
[2026-09-20T23:59:34.191+0000] {processor.py:925} INFO - DAG(s) 'weather_risk_pipeline' retrieved from /opt/airflow/dags/weather_pipeline_dag.py
[2026-09-20T23:59:34.239+0000] {logging_mixin.py:190} INFO - [2026-09-20T23:59:34.239+0000] {dag.py:3239} INFO - Sync 1 DAGs
[2026-09-20T23:59:34.261+0000] {logging_mixin.py:190} INFO - [2026-09-20T23:59:34.261+0000] {dag.py:4180} INFO - Setting next_dagrun for weather_risk_pipeline to 2026-09-19 06:00:00+00:00, run_after=2026-09-20 06:00:00+00:00
[2026-09-20T23:59:34.286+0000] {processor.py:208} INFO - Processing /opt/airflow/dags/weather_pipeline_dag.py took 0.128 seconds
