[2026-09-21T10:25:50.960+0000] {local_task_job_runner.py:123} INFO - ::group::Pre task execution logs
[2026-09-21T10:25:50.975+0000] {taskinstance.py:2614} INFO - Dependencies all met for dep_context=non-requeueable deps ti=<TaskInstance: weather_risk_pipeline.build_gold manual__2026-09-21T10:07:16.430828+00:00 [queued]>
[2026-09-21T10:25:50.984+0000] {taskinstance.py:2614} INFO - Dependencies all met for dep_context=requeueable deps ti=<TaskInstance: weather_risk_pipeline.build_gold manual__2026-09-21T10:07:16.430828+00:00 [queued]>
[2026-09-21T10:25:50.984+0000] {taskinstance.py:2867} INFO - Starting attempt 1 of 4
[2026-09-21T10:25:50.996+0000] {taskinstance.py:2890} INFO - Executing <Task(PythonOperator): build_gold> on 2026-09-21 10:07:16.430828+00:00
[2026-09-21T10:25:51.001+0000] {standard_task_runner.py:72} INFO - Started process 563 to run task
[2026-09-21T10:25:51.004+0000] {standard_task_runner.py:104} INFO - Running: ['***', 'tasks', 'run', 'weather_risk_pipeline', 'build_gold', 'manual__2026-09-21T10:07:16.430828+00:00', '--job-id', '28', '--raw', '--subdir', 'DAGS_FOLDER/weather_pipeline_dag.py', '--cfg-path', '/tmp/tmpnva1gck6']
[2026-09-21T10:25:51.007+0000] {standard_task_runner.py:105} INFO - Job 28: Subtask build_gold
[2026-09-21T10:25:51.046+0000] {task_command.py:467} INFO - Running <TaskInstance: weather_risk_pipeline.build_gold manual__2026-09-21T10:07:16.430828+00:00 [running]> on host d7ad3602866e
[2026-09-21T10:25:51.107+0000] {taskinstance.py:3134} INFO - Exporting env vars: AIRFLOW_CTX_DAG_OWNER='data-team' AIRFLOW_CTX_DAG_ID='weather_risk_pipeline' AIRFLOW_CTX_TASK_ID='build_gold' AIRFLOW_CTX_EXECUTION_DATE='2026-09-21T10:07:16.430828+00:00' AIRFLOW_CTX_TRY_NUMBER='1' AIRFLOW_CTX_DAG_RUN_ID='manual__2026-09-21T10:07:16.430828+00:00'
[2026-09-21T10:25:51.107+0000] {taskinstance.py:732} INFO - ::endgroup::
[2026-09-21T10:25:51.319+0000] {logging_mixin.py:190} INFO - 2026-09-21 10:25:51 | INFO     | src.transform.build_gold | Silver lu depuis weather_silver_2026-09-21.parquet
[2026-09-21T10:25:51.319+0000] {build_gold.py:43} INFO - Silver lu depuis weather_silver_2026-09-21.parquet
[2026-09-21T10:25:51.347+0000] {logging_mixin.py:190} INFO - 2026-09-21 10:25:51 | INFO     | src.transform.build_gold | GOLD | 840 lignes | risk_score moyen=12.6 | 0 lignes à risque Élevé/Critique | ville la + à risque en moyenne : Oulad Teïma
[2026-09-21T10:25:51.346+0000] {build_gold.py:176} INFO - GOLD | 840 lignes | risk_score moyen=12.6 | 0 lignes à risque Élevé/Critique | ville la + à risque en moyenne : Oulad Teïma
[2026-09-21T10:25:51.347+0000] {logging_mixin.py:190} INFO - 2026-09-21 10:25:51 | INFO     | src.transform.build_gold | GOLD | qualité des données : {'Complet': 840}
[2026-09-21T10:25:51.347+0000] {build_gold.py:180} INFO - GOLD | qualité des données : {'Complet': 840}
[2026-09-21T10:25:51.359+0000] {logging_mixin.py:190} INFO - 2026-09-21 10:25:51 | INFO     | src.transform.build_gold | Gold écrit : weather_gold_2026-09-21.parquet
[2026-09-21T10:25:51.359+0000] {build_gold.py:195} INFO - Gold écrit : weather_gold_2026-09-21.parquet
[2026-09-21T10:25:51.359+0000] {weather_pipeline_dag.py:43} INFO - Gold écrit dans /opt/***/data/gold/weather_gold_2026-09-21.parquet
[2026-09-21T10:25:51.360+0000] {python.py:240} INFO - Done. Returned value was: None
[2026-09-21T10:25:51.369+0000] {taskinstance.py:341} INFO - ::group::Post task execution logs
[2026-09-21T10:25:51.369+0000] {taskinstance.py:353} INFO - Marking task as SUCCESS. dag_id=weather_risk_pipeline, task_id=build_gold, run_id=manual__2026-09-21T10:07:16.430828+00:00, execution_date=20260921T100716, start_date=20260921T102550, end_date=20260921T102551
[2026-09-21T10:25:51.418+0000] {local_task_job_runner.py:266} INFO - Task exited with return code 0
[2026-09-21T10:25:51.445+0000] {taskinstance.py:3901} INFO - 1 downstream tasks scheduled from follow-on schedule check
[2026-09-21T10:25:51.447+0000] {local_task_job_runner.py:245} INFO - ::endgroup::
