[2026-09-21T09:36:51.588+0000] {local_task_job_runner.py:123} INFO - ::group::Pre task execution logs
[2026-09-21T09:36:51.613+0000] {taskinstance.py:2614} INFO - Dependencies all met for dep_context=non-requeueable deps ti=<TaskInstance: weather_risk_pipeline.load_postgres scheduled__2026-09-20T06:00:00+00:00 [queued]>
[2026-09-21T09:36:51.629+0000] {taskinstance.py:2614} INFO - Dependencies all met for dep_context=requeueable deps ti=<TaskInstance: weather_risk_pipeline.load_postgres scheduled__2026-09-20T06:00:00+00:00 [queued]>
[2026-09-21T09:36:51.630+0000] {taskinstance.py:2867} INFO - Starting attempt 2 of 4
[2026-09-21T09:36:51.649+0000] {taskinstance.py:2890} INFO - Executing <Task(PythonOperator): load_postgres> on 2026-09-20 06:00:00+00:00
[2026-09-21T09:36:51.655+0000] {standard_task_runner.py:72} INFO - Started process 2140 to run task
[2026-09-21T09:36:51.658+0000] {standard_task_runner.py:104} INFO - Running: ['***', 'tasks', 'run', 'weather_risk_pipeline', 'load_postgres', 'scheduled__2026-09-20T06:00:00+00:00', '--job-id', '18', '--raw', '--subdir', 'DAGS_FOLDER/weather_pipeline_dag.py', '--cfg-path', '/tmp/tmp_uyo3uzh']
[2026-09-21T09:36:51.660+0000] {standard_task_runner.py:105} INFO - Job 18: Subtask load_postgres
[2026-09-21T09:36:51.734+0000] {task_command.py:467} INFO - Running <TaskInstance: weather_risk_pipeline.load_postgres scheduled__2026-09-20T06:00:00+00:00 [running]> on host d7ad3602866e
[2026-09-21T09:36:51.875+0000] {taskinstance.py:3134} INFO - Exporting env vars: AIRFLOW_CTX_DAG_OWNER='data-team' AIRFLOW_CTX_DAG_ID='weather_risk_pipeline' AIRFLOW_CTX_TASK_ID='load_postgres' AIRFLOW_CTX_EXECUTION_DATE='2026-09-20T06:00:00+00:00' AIRFLOW_CTX_TRY_NUMBER='2' AIRFLOW_CTX_DAG_RUN_ID='scheduled__2026-09-20T06:00:00+00:00'
[2026-09-21T09:36:51.875+0000] {taskinstance.py:732} INFO - ::endgroup::
[2026-09-21T09:36:52.207+0000] {logging_mixin.py:190} INFO - 2026-09-21 09:36:52 | INFO     | src.load.load_postgres | Schéma vérifié/créé
[2026-09-21T09:36:52.207+0000] {load_postgres.py:39} INFO - Schéma vérifié/créé
[2026-09-21T09:36:52.224+0000] {logging_mixin.py:190} INFO - 2026-09-21 09:36:52 | INFO     | src.load.load_postgres | 120 villes upsertées
[2026-09-21T09:36:52.223+0000] {load_postgres.py:84} INFO - 120 villes upsertées
[2026-09-21T09:36:52.244+0000] {taskinstance.py:3313} ERROR - Task failed with exception
Traceback (most recent call last):
  File "/home/airflow/.local/lib/python3.11/site-packages/airflow/models/taskinstance.py", line 768, in _execute_task
    result = _execute_callable(context=context, **execute_callable_kwargs)
             ^^^^^^^^^^^^^^^^^^^^^^^^^^^^^^^^^^^^^^^^^^^^^^^^^^^^^^^^^^^^^
  File "/home/airflow/.local/lib/python3.11/site-packages/airflow/models/taskinstance.py", line 734, in _execute_callable
    return ExecutionCallableRunner(
           ^^^^^^^^^^^^^^^^^^^^^^^^
  File "/home/airflow/.local/lib/python3.11/site-packages/airflow/utils/operator_helpers.py", line 252, in run
    return self.func(*args, **kwargs)
           ^^^^^^^^^^^^^^^^^^^^^^^^^^
  File "/home/airflow/.local/lib/python3.11/site-packages/airflow/models/baseoperator.py", line 424, in wrapper
    return func(self, *args, **kwargs)
           ^^^^^^^^^^^^^^^^^^^^^^^^^^^
  File "/home/airflow/.local/lib/python3.11/site-packages/airflow/operators/python.py", line 238, in execute
    return_value = self.execute_callable()
                   ^^^^^^^^^^^^^^^^^^^^^^^
  File "/home/airflow/.local/lib/python3.11/site-packages/airflow/operators/python.py", line 256, in execute_callable
    return runner.run(*self.op_args, **self.op_kwargs)
           ^^^^^^^^^^^^^^^^^^^^^^^^^^^^^^^^^^^^^^^^^^^
  File "/home/airflow/.local/lib/python3.11/site-packages/airflow/utils/operator_helpers.py", line 252, in run
    return self.func(*args, **kwargs)
           ^^^^^^^^^^^^^^^^^^^^^^^^^^
  File "/opt/airflow/dags/weather_pipeline_dag.py", line 48, in task_load
    run_load()
  File "/opt/airflow/src/load/load_postgres.py", line 132, in run_load
    n_forecasts = upsert_forecasts(conn, df, city_map)
                  ^^^^^^^^^^^^^^^^^^^^^^^^^^^^^^^^^^^^
  File "/opt/airflow/src/load/load_postgres.py", line 116, in upsert_forecasts
    pg_extras.execute_values(cur, query, rows)
  File "/home/airflow/.local/lib/python3.11/site-packages/psycopg2/extras.py", line 1296, in execute_values
    parts.append(cur.mogrify(template, args))
                 ^^^^^^^^^^^^^^^^^^^^^^^^^^^
psycopg2.ProgrammingError: can't adapt type 'numpy.int64'
[2026-09-21T09:36:52.270+0000] {taskinstance.py:1226} INFO - Marking task as UP_FOR_RETRY. dag_id=weather_risk_pipeline, task_id=load_postgres, run_id=scheduled__2026-09-20T06:00:00+00:00, execution_date=20260920T060000, start_date=20260921T093651, end_date=20260921T093652
[2026-09-21T09:36:52.325+0000] {taskinstance.py:341} INFO - ::group::Post task execution logs
[2026-09-21T09:36:52.325+0000] {standard_task_runner.py:124} ERROR - Failed to execute job 18 for task load_postgres (can't adapt type 'numpy.int64'; 2140)
Traceback (most recent call last):
  File "/home/airflow/.local/lib/python3.11/site-packages/airflow/task/task_runner/standard_task_runner.py", line 117, in _start_by_fork
    ret = args.func(args, dag=self.dag)
          ^^^^^^^^^^^^^^^^^^^^^^^^^^^^^
  File "/home/airflow/.local/lib/python3.11/site-packages/airflow/cli/cli_config.py", line 49, in command
    return func(*args, **kwargs)
           ^^^^^^^^^^^^^^^^^^^^^
  File "/home/airflow/.local/lib/python3.11/site-packages/airflow/utils/cli.py", line 116, in wrapper
    return f(*args, **kwargs)
           ^^^^^^^^^^^^^^^^^^
  File "/home/airflow/.local/lib/python3.11/site-packages/airflow/cli/commands/task_command.py", line 483, in task_run
    task_return_code = _run_task_by_selected_method(args, _dag, ti)
                       ^^^^^^^^^^^^^^^^^^^^^^^^^^^^^^^^^^^^^^^^^^^^
  File "/home/airflow/.local/lib/python3.11/site-packages/airflow/cli/commands/task_command.py", line 256, in _run_task_by_selected_method
    return _run_raw_task(args, ti)
           ^^^^^^^^^^^^^^^^^^^^^^^
  File "/home/airflow/.local/lib/python3.11/site-packages/airflow/cli/commands/task_command.py", line 341, in _run_raw_task
    return ti._run_raw_task(
           ^^^^^^^^^^^^^^^^^
  File "/home/airflow/.local/lib/python3.11/site-packages/airflow/utils/session.py", line 97, in wrapper
    return func(*args, session=session, **kwargs)
           ^^^^^^^^^^^^^^^^^^^^^^^^^^^^^^^^^^^^^^
  File "/home/airflow/.local/lib/python3.11/site-packages/airflow/models/taskinstance.py", line 3006, in _run_raw_task
    return _run_raw_task(
           ^^^^^^^^^^^^^^
  File "/home/airflow/.local/lib/python3.11/site-packages/airflow/models/taskinstance.py", line 274, in _run_raw_task
    TaskInstance._execute_task_with_callbacks(
  File "/home/airflow/.local/lib/python3.11/site-packages/airflow/models/taskinstance.py", line 3161, in _execute_task_with_callbacks
    result = self._execute_task(context, task_orig)
             ^^^^^^^^^^^^^^^^^^^^^^^^^^^^^^^^^^^^^^
  File "/home/airflow/.local/lib/python3.11/site-packages/airflow/models/taskinstance.py", line 3185, in _execute_task
    return _execute_task(self, context, task_orig)
           ^^^^^^^^^^^^^^^^^^^^^^^^^^^^^^^^^^^^^^^
  File "/home/airflow/.local/lib/python3.11/site-packages/airflow/models/taskinstance.py", line 768, in _execute_task
    result = _execute_callable(context=context, **execute_callable_kwargs)
             ^^^^^^^^^^^^^^^^^^^^^^^^^^^^^^^^^^^^^^^^^^^^^^^^^^^^^^^^^^^^^
  File "/home/airflow/.local/lib/python3.11/site-packages/airflow/models/taskinstance.py", line 734, in _execute_callable
    return ExecutionCallableRunner(
           ^^^^^^^^^^^^^^^^^^^^^^^^
  File "/home/airflow/.local/lib/python3.11/site-packages/airflow/utils/operator_helpers.py", line 252, in run
    return self.func(*args, **kwargs)
           ^^^^^^^^^^^^^^^^^^^^^^^^^^
  File "/home/airflow/.local/lib/python3.11/site-packages/airflow/models/baseoperator.py", line 424, in wrapper
    return func(self, *args, **kwargs)
           ^^^^^^^^^^^^^^^^^^^^^^^^^^^
  File "/home/airflow/.local/lib/python3.11/site-packages/airflow/operators/python.py", line 238, in execute
    return_value = self.execute_callable()
                   ^^^^^^^^^^^^^^^^^^^^^^^
  File "/home/airflow/.local/lib/python3.11/site-packages/airflow/operators/python.py", line 256, in execute_callable
    return runner.run(*self.op_args, **self.op_kwargs)
           ^^^^^^^^^^^^^^^^^^^^^^^^^^^^^^^^^^^^^^^^^^^
  File "/home/airflow/.local/lib/python3.11/site-packages/airflow/utils/operator_helpers.py", line 252, in run
    return self.func(*args, **kwargs)
           ^^^^^^^^^^^^^^^^^^^^^^^^^^
  File "/opt/airflow/dags/weather_pipeline_dag.py", line 48, in task_load
    run_load()
  File "/opt/airflow/src/load/load_postgres.py", line 132, in run_load
    n_forecasts = upsert_forecasts(conn, df, city_map)
                  ^^^^^^^^^^^^^^^^^^^^^^^^^^^^^^^^^^^^
  File "/opt/airflow/src/load/load_postgres.py", line 116, in upsert_forecasts
    pg_extras.execute_values(cur, query, rows)
  File "/home/airflow/.local/lib/python3.11/site-packages/psycopg2/extras.py", line 1296, in execute_values
    parts.append(cur.mogrify(template, args))
                 ^^^^^^^^^^^^^^^^^^^^^^^^^^^
psycopg2.ProgrammingError: can't adapt type 'numpy.int64'
[2026-09-21T09:36:52.353+0000] {local_task_job_runner.py:266} INFO - Task exited with return code 1
[2026-09-21T09:36:52.394+0000] {taskinstance.py:3901} INFO - 0 downstream tasks scheduled from follow-on schedule check
[2026-09-21T09:36:52.396+0000] {local_task_job_runner.py:245} INFO - ::endgroup::
