[2026-09-21T06:52:14.140+0000] {local_task_job_runner.py:123} INFO - ::group::Pre task execution logs
[2026-09-21T06:52:14.175+0000] {taskinstance.py:2614} INFO - Dependencies all met for dep_context=non-requeueable deps ti=<TaskInstance: weather_risk_pipeline.build_gold scheduled__2026-09-20T06:00:00+00:00 [queued]>
[2026-09-21T06:52:14.190+0000] {taskinstance.py:2614} INFO - Dependencies all met for dep_context=requeueable deps ti=<TaskInstance: weather_risk_pipeline.build_gold scheduled__2026-09-20T06:00:00+00:00 [queued]>
[2026-09-21T06:52:14.191+0000] {taskinstance.py:2867} INFO - Starting attempt 1 of 4
[2026-09-21T06:52:14.213+0000] {taskinstance.py:2890} INFO - Executing <Task(PythonOperator): build_gold> on 2026-09-20 06:00:00+00:00
[2026-09-21T06:52:14.220+0000] {standard_task_runner.py:72} INFO - Started process 1180 to run task
[2026-09-21T06:52:14.224+0000] {standard_task_runner.py:104} INFO - Running: ['***', 'tasks', 'run', 'weather_risk_pipeline', 'build_gold', 'scheduled__2026-09-20T06:00:00+00:00', '--job-id', '5', '--raw', '--subdir', 'DAGS_FOLDER/weather_pipeline_dag.py', '--cfg-path', '/tmp/tmpwbch1pit']
[2026-09-21T06:52:14.227+0000] {standard_task_runner.py:105} INFO - Job 5: Subtask build_gold
[2026-09-21T06:52:14.308+0000] {task_command.py:467} INFO - Running <TaskInstance: weather_risk_pipeline.build_gold scheduled__2026-09-20T06:00:00+00:00 [running]> on host d7ad3602866e
[2026-09-21T06:52:14.444+0000] {taskinstance.py:3134} INFO - Exporting env vars: AIRFLOW_CTX_DAG_OWNER='data-team' AIRFLOW_CTX_DAG_ID='weather_risk_pipeline' AIRFLOW_CTX_TASK_ID='build_gold' AIRFLOW_CTX_EXECUTION_DATE='2026-09-20T06:00:00+00:00' AIRFLOW_CTX_TRY_NUMBER='1' AIRFLOW_CTX_DAG_RUN_ID='scheduled__2026-09-20T06:00:00+00:00'
[2026-09-21T06:52:14.445+0000] {taskinstance.py:732} INFO - ::endgroup::
[2026-09-21T06:52:14.735+0000] {logging_mixin.py:190} INFO - 2026-09-21 06:52:14 | INFO     | src.transform.build_gold | Silver lu depuis weather_silver_2026-09-21.parquet
[2026-09-21T06:52:14.735+0000] {build_gold.py:43} INFO - Silver lu depuis weather_silver_2026-09-21.parquet
[2026-09-21T06:52:14.772+0000] {logging_mixin.py:190} INFO - 2026-09-21 06:52:14 | INFO     | src.transform.build_gold | GOLD | 840 lignes | risk_score moyen=12.8 | 1 lignes à risque Élevé/Critique | ville la + à risque en moyenne : Ad Dakhla
[2026-09-21T06:52:14.772+0000] {build_gold.py:176} INFO - GOLD | 840 lignes | risk_score moyen=12.8 | 1 lignes à risque Élevé/Critique | ville la + à risque en moyenne : Ad Dakhla
[2026-09-21T06:52:14.772+0000] {logging_mixin.py:190} INFO - 2026-09-21 06:52:14 | INFO     | src.transform.build_gold | GOLD | qualité des données : {'Complet': 840}
[2026-09-21T06:52:14.772+0000] {build_gold.py:180} INFO - GOLD | qualité des données : {'Complet': 840}
[2026-09-21T06:52:14.787+0000] {logging_mixin.py:190} INFO - 2026-09-21 06:52:14 | INFO     | src.transform.build_gold | Gold écrit : weather_gold_2026-09-21.parquet
[2026-09-21T06:52:14.786+0000] {build_gold.py:195} INFO - Gold écrit : weather_gold_2026-09-21.parquet
[2026-09-21T06:52:14.787+0000] {weather_pipeline_dag.py:43} INFO - Gold écrit dans /opt/***/data/gold/weather_gold_2026-09-21.parquet
[2026-09-21T06:52:14.787+0000] {python.py:240} INFO - Done. Returned value was: None
[2026-09-21T06:52:14.796+0000] {taskinstance.py:341} INFO - ::group::Post task execution logs
[2026-09-21T06:52:14.797+0000] {taskinstance.py:353} INFO - Marking task as SUCCESS. dag_id=weather_risk_pipeline, task_id=build_gold, run_id=scheduled__2026-09-20T06:00:00+00:00, execution_date=20260920T060000, start_date=20260921T065214, end_date=20260921T065214
[2026-09-21T06:52:14.838+0000] {local_task_job_runner.py:266} INFO - Task exited with return code 0
[2026-09-21T06:52:14.878+0000] {taskinstance.py:3901} INFO - 1 downstream tasks scheduled from follow-on schedule check
[2026-09-21T06:52:14.881+0000] {local_task_job_runner.py:245} INFO - ::endgroup::
[2026-09-21T09:27:35.813+0000] {local_task_job_runner.py:123} INFO - ::group::Pre task execution logs
[2026-09-21T09:27:35.844+0000] {taskinstance.py:2614} INFO - Dependencies all met for dep_context=non-requeueable deps ti=<TaskInstance: weather_risk_pipeline.build_gold scheduled__2026-09-20T06:00:00+00:00 [queued]>
[2026-09-21T09:27:35.862+0000] {taskinstance.py:2614} INFO - Dependencies all met for dep_context=requeueable deps ti=<TaskInstance: weather_risk_pipeline.build_gold scheduled__2026-09-20T06:00:00+00:00 [queued]>
[2026-09-21T09:27:35.863+0000] {taskinstance.py:2867} INFO - Starting attempt 1 of 4
[2026-09-21T09:27:35.882+0000] {taskinstance.py:2890} INFO - Executing <Task(PythonOperator): build_gold> on 2026-09-20 06:00:00+00:00
[2026-09-21T09:27:35.888+0000] {standard_task_runner.py:72} INFO - Started process 2013 to run task
[2026-09-21T09:27:35.893+0000] {standard_task_runner.py:104} INFO - Running: ['***', 'tasks', 'run', 'weather_risk_pipeline', 'build_gold', 'scheduled__2026-09-20T06:00:00+00:00', '--job-id', '16', '--raw', '--subdir', 'DAGS_FOLDER/weather_pipeline_dag.py', '--cfg-path', '/tmp/tmpidhudfjt']
[2026-09-21T09:27:35.896+0000] {standard_task_runner.py:105} INFO - Job 16: Subtask build_gold
[2026-09-21T09:27:35.953+0000] {task_command.py:467} INFO - Running <TaskInstance: weather_risk_pipeline.build_gold scheduled__2026-09-20T06:00:00+00:00 [running]> on host d7ad3602866e
[2026-09-21T09:27:36.052+0000] {taskinstance.py:3134} INFO - Exporting env vars: AIRFLOW_CTX_DAG_OWNER='data-team' AIRFLOW_CTX_DAG_ID='weather_risk_pipeline' AIRFLOW_CTX_TASK_ID='build_gold' AIRFLOW_CTX_EXECUTION_DATE='2026-09-20T06:00:00+00:00' AIRFLOW_CTX_TRY_NUMBER='1' AIRFLOW_CTX_DAG_RUN_ID='scheduled__2026-09-20T06:00:00+00:00'
[2026-09-21T09:27:36.053+0000] {taskinstance.py:732} INFO - ::endgroup::
[2026-09-21T09:27:36.332+0000] {logging_mixin.py:190} INFO - 2026-09-21 09:27:36 | INFO     | src.transform.build_gold | Silver lu depuis weather_silver_2026-09-21.parquet
[2026-09-21T09:27:36.332+0000] {build_gold.py:43} INFO - Silver lu depuis weather_silver_2026-09-21.parquet
[2026-09-21T09:27:36.370+0000] {logging_mixin.py:190} INFO - 2026-09-21 09:27:36 | INFO     | src.transform.build_gold | GOLD | 840 lignes | risk_score moyen=12.8 | 0 lignes à risque Élevé/Critique | ville la + à risque en moyenne : Oulad Teïma
[2026-09-21T09:27:36.370+0000] {build_gold.py:176} INFO - GOLD | 840 lignes | risk_score moyen=12.8 | 0 lignes à risque Élevé/Critique | ville la + à risque en moyenne : Oulad Teïma
[2026-09-21T09:27:36.370+0000] {logging_mixin.py:190} INFO - 2026-09-21 09:27:36 | INFO     | src.transform.build_gold | GOLD | qualité des données : {'Complet': 840}
[2026-09-21T09:27:36.370+0000] {build_gold.py:180} INFO - GOLD | qualité des données : {'Complet': 840}
[2026-09-21T09:27:36.385+0000] {logging_mixin.py:190} INFO - 2026-09-21 09:27:36 | INFO     | src.transform.build_gold | Gold écrit : weather_gold_2026-09-21.parquet
[2026-09-21T09:27:36.385+0000] {build_gold.py:195} INFO - Gold écrit : weather_gold_2026-09-21.parquet
[2026-09-21T09:27:36.385+0000] {weather_pipeline_dag.py:43} INFO - Gold écrit dans /opt/***/data/gold/weather_gold_2026-09-21.parquet
[2026-09-21T09:27:36.385+0000] {python.py:240} INFO - Done. Returned value was: None
[2026-09-21T09:27:36.394+0000] {taskinstance.py:341} INFO - ::group::Post task execution logs
[2026-09-21T09:27:36.395+0000] {taskinstance.py:353} INFO - Marking task as SUCCESS. dag_id=weather_risk_pipeline, task_id=build_gold, run_id=scheduled__2026-09-20T06:00:00+00:00, execution_date=20260920T060000, start_date=20260921T092735, end_date=20260921T092736
[2026-09-21T09:27:36.466+0000] {local_task_job_runner.py:266} INFO - Task exited with return code 0
[2026-09-21T09:27:36.510+0000] {taskinstance.py:3901} INFO - 1 downstream tasks scheduled from follow-on schedule check
[2026-09-21T09:27:36.514+0000] {local_task_job_runner.py:245} INFO - ::endgroup::
