[2026-09-21T07:03:35.148+0000] {local_task_job_runner.py:123} INFO - ::group::Pre task execution logs
[2026-09-21T07:03:35.174+0000] {taskinstance.py:2614} INFO - Dependencies all met for dep_context=non-requeueable deps ti=<TaskInstance: weather_risk_pipeline.extract_bronze manual__2026-09-21T06:55:32+00:00 [queued]>
[2026-09-21T07:03:35.185+0000] {taskinstance.py:2614} INFO - Dependencies all met for dep_context=requeueable deps ti=<TaskInstance: weather_risk_pipeline.extract_bronze manual__2026-09-21T06:55:32+00:00 [queued]>
[2026-09-21T07:03:35.185+0000] {taskinstance.py:2867} INFO - Starting attempt 1 of 4
[2026-09-21T07:03:35.200+0000] {taskinstance.py:2890} INFO - Executing <Task(PythonOperator): extract_bronze> on 2026-09-21 06:55:32+00:00
[2026-09-21T07:03:35.205+0000] {standard_task_runner.py:72} INFO - Started process 1407 to run task
[2026-09-21T07:03:35.208+0000] {standard_task_runner.py:104} INFO - Running: ['***', 'tasks', 'run', 'weather_risk_pipeline', 'extract_bronze', 'manual__2026-09-21T06:55:32+00:00', '--job-id', '7', '--raw', '--subdir', 'DAGS_FOLDER/weather_pipeline_dag.py', '--cfg-path', '/tmp/tmpc5rj7n23']
[2026-09-21T07:03:35.210+0000] {standard_task_runner.py:105} INFO - Job 7: Subtask extract_bronze
[2026-09-21T07:03:35.288+0000] {task_command.py:467} INFO - Running <TaskInstance: weather_risk_pipeline.extract_bronze manual__2026-09-21T06:55:32+00:00 [running]> on host d7ad3602866e
[2026-09-21T07:03:35.365+0000] {taskinstance.py:3134} INFO - Exporting env vars: AIRFLOW_CTX_DAG_OWNER='data-team' AIRFLOW_CTX_DAG_ID='weather_risk_pipeline' AIRFLOW_CTX_TASK_ID='extract_bronze' AIRFLOW_CTX_EXECUTION_DATE='2026-09-21T06:55:32+00:00' AIRFLOW_CTX_TRY_NUMBER='1' AIRFLOW_CTX_DAG_RUN_ID='manual__2026-09-21T06:55:32+00:00'
[2026-09-21T07:03:35.365+0000] {taskinstance.py:732} INFO - ::endgroup::
[2026-09-21T07:03:35.663+0000] {logging_mixin.py:190} INFO - 2026-09-21 07:03:35 | INFO     | src.extract.extract_cities | 120 villes chargées depuis ma.csv
[2026-09-21T07:03:35.663+0000] {extract_cities.py:16} INFO - 120 villes chargées depuis ma.csv
[2026-09-21T07:04:52.819+0000] {logging_mixin.py:190} INFO - 2026-09-21 07:04:52 | INFO     | src.extract.extract_weather | Extraction terminée : 120 villes OK, 0 échecs
[2026-09-21T07:04:52.819+0000] {extract_weather.py:90} INFO - Extraction terminée : 120 villes OK, 0 échecs
[2026-09-21T07:04:52.820+0000] {weather_pipeline_dag.py:31} INFO - Bronze écrit dans /opt/***/data/bronze/2026-09-21
[2026-09-21T07:04:52.821+0000] {python.py:240} INFO - Done. Returned value was: None
[2026-09-21T07:04:52.841+0000] {taskinstance.py:341} INFO - ::group::Post task execution logs
[2026-09-21T07:04:52.841+0000] {taskinstance.py:353} INFO - Marking task as SUCCESS. dag_id=weather_risk_pipeline, task_id=extract_bronze, run_id=manual__2026-09-21T06:55:32+00:00, execution_date=20260921T065532, start_date=20260921T070335, end_date=20260921T070452
[2026-09-21T07:04:52.952+0000] {local_task_job_runner.py:266} INFO - Task exited with return code 0
[2026-09-21T07:04:53.002+0000] {taskinstance.py:3901} INFO - 1 downstream tasks scheduled from follow-on schedule check
[2026-09-21T07:04:53.013+0000] {local_task_job_runner.py:245} INFO - ::endgroup::
