[2026-09-21T10:25:49.857+0000] {local_task_job_runner.py:123} INFO - ::group::Pre task execution logs
[2026-09-21T10:25:49.875+0000] {taskinstance.py:2614} INFO - Dependencies all met for dep_context=non-requeueable deps ti=<TaskInstance: weather_risk_pipeline.clean_silver manual__2026-09-21T10:07:16.430828+00:00 [queued]>
[2026-09-21T10:25:49.883+0000] {taskinstance.py:2614} INFO - Dependencies all met for dep_context=requeueable deps ti=<TaskInstance: weather_risk_pipeline.clean_silver manual__2026-09-21T10:07:16.430828+00:00 [queued]>
[2026-09-21T10:25:49.883+0000] {taskinstance.py:2867} INFO - Starting attempt 1 of 4
[2026-09-21T10:25:49.894+0000] {taskinstance.py:2890} INFO - Executing <Task(PythonOperator): clean_silver> on 2026-09-21 10:07:16.430828+00:00
[2026-09-21T10:25:49.898+0000] {standard_task_runner.py:72} INFO - Started process 559 to run task
[2026-09-21T10:25:49.900+0000] {standard_task_runner.py:104} INFO - Running: ['***', 'tasks', 'run', 'weather_risk_pipeline', 'clean_silver', 'manual__2026-09-21T10:07:16.430828+00:00', '--job-id', '27', '--raw', '--subdir', 'DAGS_FOLDER/weather_pipeline_dag.py', '--cfg-path', '/tmp/tmpnyp06t7e']
[2026-09-21T10:25:49.902+0000] {standard_task_runner.py:105} INFO - Job 27: Subtask clean_silver
[2026-09-21T10:25:49.936+0000] {task_command.py:467} INFO - Running <TaskInstance: weather_risk_pipeline.clean_silver manual__2026-09-21T10:07:16.430828+00:00 [running]> on host d7ad3602866e
[2026-09-21T10:25:49.998+0000] {taskinstance.py:3134} INFO - Exporting env vars: AIRFLOW_CTX_DAG_OWNER='data-team' AIRFLOW_CTX_DAG_ID='weather_risk_pipeline' AIRFLOW_CTX_TASK_ID='clean_silver' AIRFLOW_CTX_EXECUTION_DATE='2026-09-21T10:07:16.430828+00:00' AIRFLOW_CTX_TRY_NUMBER='1' AIRFLOW_CTX_DAG_RUN_ID='manual__2026-09-21T10:07:16.430828+00:00'
[2026-09-21T10:25:49.998+0000] {taskinstance.py:732} INFO - ::endgroup::
[2026-09-21T10:25:50.337+0000] {logging_mixin.py:190} INFO - 2026-09-21 10:25:50 | INFO     | src.transform.clean_silver | 120 fichiers lus -> 840 lignes brutes
[2026-09-21T10:25:50.337+0000] {clean_silver.py:56} INFO - 120 fichiers lus -> 840 lignes brutes
[2026-09-21T10:25:50.344+0000] {logging_mixin.py:190} INFO - 2026-09-21 10:25:50 | INFO     | src.transform.clean_silver | Types standardisés
[2026-09-21T10:25:50.344+0000] {clean_silver.py:86} INFO - Types standardisés
[2026-09-21T10:25:50.347+0000] {logging_mixin.py:190} INFO - 2026-09-21 10:25:50 | INFO     | src.transform.clean_silver | Aucun doublon détecté
[2026-09-21T10:25:50.347+0000] {clean_silver.py:101} INFO - Aucun doublon détecté
[2026-09-21T10:25:50.351+0000] {logging_mixin.py:190} INFO - 2026-09-21 10:25:50 | INFO     | src.extract.extract_cities | 120 villes chargées depuis ma.csv
[2026-09-21T10:25:50.351+0000] {extract_cities.py:16} INFO - 120 villes chargées depuis ma.csv
[2026-09-21T10:25:50.358+0000] {logging_mixin.py:190} INFO - 2026-09-21 10:25:50 | INFO     | src.transform.clean_silver | Jointure villes effectuée : 840 lignes
[2026-09-21T10:25:50.358+0000] {clean_silver.py:165} INFO - Jointure villes effectuée : 840 lignes
[2026-09-21T10:25:50.360+0000] {logging_mixin.py:190} INFO - 2026-09-21 10:25:50 | INFO     | src.transform.clean_silver | QUALITÉ | 840 lignes | 120 villes | période 2026-09-21 -> 2026-09-27
[2026-09-21T10:25:50.359+0000] {clean_silver.py:182} INFO - QUALITÉ | 840 lignes | 120 villes | période 2026-09-21 -> 2026-09-27
[2026-09-21T10:25:50.376+0000] {logging_mixin.py:190} INFO - 2026-09-21 10:25:50 | INFO     | src.transform.clean_silver | Silver écrit : weather_silver_2026-09-21.parquet
[2026-09-21T10:25:50.376+0000] {clean_silver.py:229} INFO - Silver écrit : weather_silver_2026-09-21.parquet
[2026-09-21T10:25:50.383+0000] {logging_mixin.py:190} INFO - 2026-09-21 10:25:50 | INFO     | src.transform.clean_silver | Silver écrit : weather_silver_2026-09-21.csv (840 lignes)
[2026-09-21T10:25:50.383+0000] {clean_silver.py:235} INFO - Silver écrit : weather_silver_2026-09-21.csv (840 lignes)
[2026-09-21T10:25:50.383+0000] {weather_pipeline_dag.py:37} INFO - Silver écrit dans /opt/***/data/silver/weather_silver_2026-09-21.parquet
[2026-09-21T10:25:50.383+0000] {python.py:240} INFO - Done. Returned value was: None
[2026-09-21T10:25:50.391+0000] {taskinstance.py:341} INFO - ::group::Post task execution logs
[2026-09-21T10:25:50.391+0000] {taskinstance.py:353} INFO - Marking task as SUCCESS. dag_id=weather_risk_pipeline, task_id=clean_silver, run_id=manual__2026-09-21T10:07:16.430828+00:00, execution_date=20260921T100716, start_date=20260921T102549, end_date=20260921T102550
[2026-09-21T10:25:50.435+0000] {local_task_job_runner.py:266} INFO - Task exited with return code 0
[2026-09-21T10:25:50.471+0000] {taskinstance.py:3901} INFO - 1 downstream tasks scheduled from follow-on schedule check
[2026-09-21T10:25:50.473+0000] {local_task_job_runner.py:245} INFO - ::endgroup::
